[    0.000000] Linux version 6.8.0-90-generic (buildd@lcy02-amd64-092) (x86_64-linux-gnu-gcc-13 (Ubuntu 13.3.0-6ubuntu2~24.04) 13.3.0, GNU ld (GNU Binutils for Ubuntu) 2.42) #91-Ubuntu SMP PREEMPT_DYNAMIC Tue Nov 18 14:14:30 UTC 2025 (Ubuntu 6.8.0-90.91-generic 6.8.12)
[    0.000000] Command line: BOOT_IMAGE=/boot/vmlinuz-6.8.0-90-generic root=UUID=91d7e936-ae91-4c1f-8228-3c7454495b51 ro
[    0.000000] KERNEL supported cpus:
[    0.000000]   Intel GenuineIntel
[    0.000000]   AMD AuthenticAMD
[    0.000000]   Hygon HygonGenuine
[    0.000000]   Centaur CentaurHauls
[    0.000000]   zhaoxin   Shanghai  
[    0.000000] BIOS-provided physical RAM map:
[    0.000000] BIOS-e820: [mem 0x0000000000000000-0x000000000009ffff] usable
[    0.000000] BIOS-e820: [mem 0x00000000000a0000-0x00000000000fffff] reserved
[    0.000000] BIOS-e820: [mem 0x0000000000100000-0x000000002fffffff] usable
[    0.000000] BIOS-e820: [mem 0x0000000030000000-0x000000003000afff] ACPI NVS
[    0.000000] BIOS-e820: [mem 0x000000003000b000-0x0000000075cdffff] usable
[    0.000000] BIOS-e820: [mem 0x0000000075ce0000-0x0000000075ffffff] reserved
[    0.000000] BIOS-e820: [mem 0x0000000076000000-0x000000008351afff] usable
[    0.000000] BIOS-e820: [mem 0x000000008351b000-0x0000000088a81fff] reserved
[    0.000000] BIOS-e820: [mem 0x0000000088a82000-0x0000000088b6cfff] ACPI data
[    0.000000] BIOS-e820: [mem 0x0000000088b6d000-0x0000000088fedfff] ACPI NVS
[    0.000000] BIOS-e820: [mem 0x0000000088fee000-0x000000008a3fefff] reserved
[    0.000000] BIOS-e820: [mem 0x000000008a3ff000-0x000000008bffffff] usable
[    0.000000] BIOS-e820: [mem 0x000000008c000000-0x000000008fffffff] reserved
[    0.000000] BIOS-e820: [mem 0x0000000094180000-0x0000000094180fff] reserved
[    0.000000] BIOS-e820: [mem 0x0000000095100000-0x00000000951fffff] reserved
[    0.000000] BIOS-e820: [mem 0x0000000095300000-0x0000000095400fff] reserved
[    0.000000] BIOS-e820: [mem 0x0000000095500000-0x00000000955fffff] reserved
[    0.000000] BIOS-e820: [mem 0x00000000f4180000-0x00000000f4180fff] reserved
[    0.000000] BIOS-e820: [mem 0x00000000f5180000-0x00000000f5180fff] reserved
[    0.000000] BIOS-e820: [mem 0x00000000fea00000-0x00000000feafffff] reserved
[    0.000000] BIOS-e820: [mem 0x00000000fec00000-0x00000000fec00fff] reserved
[    0.000000] BIOS-e820: [mem 0x00000000fec10000-0x00000000fec10fff] reserved
[    0.000000] BIOS-e820: [mem 0x00000000fed00000-0x00000000fed00fff] reserved
[    0.000000] BIOS-e820: [mem 0x00000000fed40000-0x00000000fed44fff] reserved
[    0.000000] BIOS-e820: [mem 0x00000000fed80000-0x00000000fed8ffff] reserved
[    0.000000] BIOS-e820: [mem 0x00000000fedc0000-0x00000000fedc0fff] reserved
[    0.000000] BIOS-e820: [mem 0x00000000fedc2000-0x00000000fedc8fff] reserved
[    0.000000] BIOS-e820: [mem 0x00000000fee00000-0x00000000feefffff] reserved
[    0.000000] BIOS-e820: [mem 0x00000000ff000000-0x00000000ffffffff] reserved
[    0.000000] BIOS-e820: [mem 0x0000000100000000-0x000000106fdfffff] usable
[    0.000000] BIOS-e820: [mem 0x000000106fe00000-0x000000106fffffff] reserved
[    0.000000] BIOS-e820: [mem 0x0000001070000000-0x000000206fefffff] usable
[    0.000000] BIOS-e820: [mem 0x000000206ff00000-0x000000206fffffff] reserved
[    0.000000] BIOS-e820: [mem 0x0000002070000000-0x000000306fefffff] usable
[    0.000000] BIOS-e820: [mem 0x000000306ff00000-0x000000306fffffff] reserved
[    0.000000] BIOS-e820: [mem 0x0000003070000000-0x000000406f2fffff] usable
[    0.000000] BIOS-e820: [mem 0x000000406f300000-0x000000406fffffff] reserved
[    0.000000] BIOS-e820: [mem 0x000007fc00000000-0x000007fc03ffffff] reserved
[    0.000000] NX (Execute Disable) protection: active
[    0.000000] APIC: Static calls initialized
[    0.000000] e820: update [mem 0x7d70c018-0x7d732457] usable ==> usable
[    0.000000] e820: update [mem 0x7d70c018-0x7d732457] usable ==> usable
[    0.000000] e820: update [mem 0x7d738018-0x7d749457] usable ==> usable
[    0.000000] e820: update [mem 0x7d738018-0x7d749457] usable ==> usable
[    0.000000] extended physical RAM map:
[    0.000000] reserve setup_data: [mem 0x0000000000000000-0x000000000009ffff] usable
[    0.000000] reserve setup_data: [mem 0x00000000000a0000-0x00000000000fffff] reserved
[    0.000000] reserve setup_data: [mem 0x0000000000100000-0x000000002fffffff] usable
[    0.000000] reserve setup_data: [mem 0x0000000030000000-0x000000003000afff] ACPI NVS
[    0.000000] reserve setup_data: [mem 0x000000003000b000-0x0000000075cdffff] usable
[    0.000000] reserve setup_data: [mem 0x0000000075ce0000-0x0000000075ffffff] reserved
[    0.000000] reserve setup_data: [mem 0x0000000076000000-0x000000007d70c017] usable
[    0.000000] reserve setup_data: [mem 0x000000007d70c018-0x000000007d732457] usable
[    0.000000] reserve setup_data: [mem 0x000000007d732458-0x000000007d738017] usable
[    0.000000] reserve setup_data: [mem 0x000000007d738018-0x000000007d749457] usable
[    0.000000] reserve setup_data: [mem 0x000000007d749458-0x000000008351afff] usable
[    0.000000] reserve setup_data: [mem 0x000000008351b000-0x0000000088a81fff] reserved
[    0.000000] reserve setup_data: [mem 0x0000000088a82000-0x0000000088b6cfff] ACPI data
[    0.000000] reserve setup_data: [mem 0x0000000088b6d000-0x0000000088fedfff] ACPI NVS
[    0.000000] reserve setup_data: [mem 0x0000000088fee000-0x000000008a3fefff] reserved
[    0.000000] reserve setup_data: [mem 0x000000008a3ff000-0x000000008bffffff] usable
[    0.000000] reserve setup_data: [mem 0x000000008c000000-0x000000008fffffff] reserved
[    0.000000] reserve setup_data: [mem 0x0000000094180000-0x0000000094180fff] reserved
[    0.000000] reserve setup_data: [mem 0x0000000095100000-0x00000000951fffff] reserved
[    0.000000] reserve setup_data: [mem 0x0000000095300000-0x0000000095400fff] reserved
[    0.000000] reserve setup_data: [mem 0x0000000095500000-0x00000000955fffff] reserved
[    0.000000] reserve setup_data: [mem 0x00000000f4180000-0x00000000f4180fff] reserved
[    0.000000] reserve setup_data: [mem 0x00000000f5180000-0x00000000f5180fff] reserved
[    0.000000] reserve setup_data: [mem 0x00000000fea00000-0x00000000feafffff] reserved
[    0.000000] reserve setup_data: [mem 0x00000000fec00000-0x00000000fec00fff] reserved
[    0.000000] reserve setup_data: [mem 0x00000000fec10000-0x00000000fec10fff] reserved
[    0.000000] reserve setup_data: [mem 0x00000000fed00000-0x00000000fed00fff] reserved
[    0.000000] reserve setup_data: [mem 0x00000000fed40000-0x00000000fed44fff] reserved
[    0.000000] reserve setup_data: [mem 0x00000000fed80000-0x00000000fed8ffff] reserved
[    0.000000] reserve setup_data: [mem 0x00000000fedc0000-0x00000000fedc0fff] reserved
[    0.000000] reserve setup_data: [mem 0x00000000fedc2000-0x00000000fedc8fff] reserved
[    0.000000] reserve setup_data: [mem 0x00000000fee00000-0x00000000feefffff] reserved
[    0.000000] reserve setup_data: [mem 0x00000000ff000000-0x00000000ffffffff] reserved
[    0.000000] reserve setup_data: [mem 0x0000000100000000-0x000000106fdfffff] usable
[    0.000000] reserve setup_data: [mem 0x000000106fe00000-0x000000106fffffff] reserved
[    0.000000] reserve setup_data: [mem 0x0000001070000000-0x000000206fefffff] usable
[    0.000000] reserve setup_data: [mem 0x000000206ff00000-0x000000206fffffff] reserved
[    0.000000] reserve setup_data: [mem 0x0000002070000000-0x000000306fefffff] usable
[    0.000000] reserve setup_data: [mem 0x000000306ff00000-0x000000306fffffff] reserved
[    0.000000] reserve setup_data: [mem 0x0000003070000000-0x000000406f2fffff] usable
[    0.000000] reserve setup_data: [mem 0x000000406f300000-0x000000406fffffff] reserved
[    0.000000] reserve setup_data: [mem 0x000007fc00000000-0x000007fc03ffffff] reserved
[    0.000000] efi: EFI v2.8 by American Megatrends
[    0.000000] efi: ACPI=0x88fd1000 ACPI 2.0=0x88fd1014 SMBIOS=0x8a03a000 SMBIOS 3.0=0x8a039000 MEMATTR=0x7d752018 ESRT=0x7d883f98 MOKvar=0x8a0ed000 INITRD=0x7d75a798 
[    0.000000] efi: Not removing mem53: MMIO range=[0x94180000-0x94180fff] (4KB) from e820 map
[    0.000000] efi: Remove mem54: MMIO range=[0x95100000-0x951fffff] (1MB) from e820 map
[    0.000000] e820: remove [mem 0x95100000-0x951fffff] reserved
[    0.000000] efi: Remove mem55: MMIO range=[0x95300000-0x95400fff] (1MB) from e820 map
[    0.000000] e820: remove [mem 0x95300000-0x95400fff] reserved
[    0.000000] efi: Remove mem56: MMIO range=[0x95500000-0x955fffff] (1MB) from e820 map
[    0.000000] e820: remove [mem 0x95500000-0x955fffff] reserved
[    0.000000] efi: Not removing mem57: MMIO range=[0xf4180000-0xf4180fff] (4KB) from e820 map
[    0.000000] efi: Not removing mem58: MMIO range=[0xf5180000-0xf5180fff] (4KB) from e820 map
[    0.000000] efi: Remove mem59: MMIO range=[0xfea00000-0xfeafffff] (1MB) from e820 map
[    0.000000] e820: remove [mem 0xfea00000-0xfeafffff] reserved
[    0.000000] efi: Not removing mem60: MMIO range=[0xfec00000-0xfec00fff] (4KB) from e820 map
[    0.000000] efi: Not removing mem61: MMIO range=[0xfec10000-0xfec10fff] (4KB) from e820 map
[    0.000000] efi: Not removing mem62: MMIO range=[0xfed00000-0xfed00fff] (4KB) from e820 map
[    0.000000] efi: Not removing mem63: MMIO range=[0xfed40000-0xfed44fff] (20KB) from e820 map
[    0.000000] efi: Not removing mem64: MMIO range=[0xfed80000-0xfed8ffff] (64KB) from e820 map
[    0.000000] efi: Not removing mem65: MMIO range=[0xfedc0000-0xfedc0fff] (4KB) from e820 map
[    0.000000] efi: Not removing mem66: MMIO range=[0xfedc2000-0xfedc8fff] (28KB) from e820 map
[    0.000000] efi: Remove mem67: MMIO range=[0xfee00000-0xfeefffff] (1MB) from e820 map
[    0.000000] e820: remove [mem 0xfee00000-0xfeefffff] reserved
[    0.000000] efi: Remove mem68: MMIO range=[0xff000000-0xffffffff] (16MB) from e820 map
[    0.000000] e820: remove [mem 0xff000000-0xffffffff] reserved
[    0.000000] efi: Remove mem73: MMIO range=[0x7fc00000000-0x7fc03ffffff] (64MB) from e820 map
[    0.000000] e820: remove [mem 0x7fc00000000-0x7fc03ffffff] reserved
[    0.000000] secureboot: Secure boot disabled
[    0.000000] SMBIOS 3.3.0 present.
[    0.000000] DMI: GIGABYTE MZ32-AR0-00/MZ32-AR0-00, BIOS M29 10/22/2025
[    0.000000] tsc: Fast TSC calibration using PIT
[    0.000000] tsc: Detected 2799.991 MHz processor
[    0.000242] e820: update [mem 0x00000000-0x00000fff] usable ==> reserved
[    0.000244] e820: remove [mem 0x000a0000-0x000fffff] usable
[    0.000253] last_pfn = 0x406f300 max_arch_pfn = 0x400000000
[    0.000261] total RAM covered: 2303M
[    0.000388] Found optimal setting for mtrr clean up
[    0.000389]  gran_size: 64K 	chunk_size: 128M 	num_reg: 3  	lose cover RAM: 0G
[    0.000392] MTRR map: 7 entries (3 fixed + 4 variable; max 20), built from 9 variable MTRRs
[    0.000395] x86/PAT: Configuration [0-7]: WB  WC  UC- UC  WB  WP  UC- WT  
[    0.000794] e820: update [mem 0x89b70000-0x89b7ffff] usable ==> reserved
[    0.000801] e820: update [mem 0x90000000-0xffffffff] usable ==> reserved
[    0.000805] last_pfn = 0x8c000 max_arch_pfn = 0x400000000
[    0.004610] esrt: Reserving ESRT space from 0x000000007d883f98 to 0x000000007d883fd0.
[    0.004617] e820: update [mem 0x7d883000-0x7d883fff] usable ==> reserved
[    0.004634] Using GB pages for direct mapping
[    0.005415] secureboot: Secure boot disabled
[    0.005416] RAMDISK: [mem 0x76ef3000-0x7b3fffff]
[    0.005707] ACPI: Early table checksum verification disabled
[    0.005710] ACPI: RSDP 0x0000000088FD1014 000024 (v02 GBT   )
[    0.005714] ACPI: XSDT 0x0000000088FD0728 0000D4 (v01 GBT    GBTUACPI 03242016 AMI  01000013)
[    0.005719] ACPI: FACP 0x0000000088B66000 000114 (v06 GBT    GBTUACPI 03242016 AMI  00010013)
[    0.005724] ACPI: DSDT 0x0000000088B53000 012894 (v02 GBT    GBTUACPI 03242016 INTL 20200717)
[    0.005726] ACPI: FACS 0x0000000088FCB000 000040
[    0.005728] ACPI: SSDT 0x0000000088B6C000 00092A (v02 GBT    AmdTable 00000002 MSFT 04000000)
[    0.005731] ACPI: SPMI 0x0000000088B6B000 000041 (v05 GBT    GBTUACPI 00000000 AMI. 00000000)
[    0.005733] ACPI: SSDT 0x0000000088B67000 0033A1 (v02 GBT    AMD AFC  00000001 INTL 20200717)
[    0.005735] ACPI: FIDT 0x0000000088B52000 00009C (v01 GBT    GBTUACPI 03242016 AMI  00010013)
[    0.005737] ACPI: MCFG 0x0000000088B51000 00003C (v01 GBT    GBTUACPI 03242016 MSFT 00010013)
[    0.005739] ACPI: SSDT 0x0000000088B50000 00076C (v02 GBT    CPUSSDT  03242016 AMI  03242016)
[    0.005741] ACPI: SSDT 0x0000000088B4F000 000342 (v02 AMD    CPMRAS   00000001 INTL 20200717)
[    0.005744] ACPI: BERT 0x0000000088B4E000 000030 (v01 AMD    AmdTable 00000001 AMD  00000001)
[    0.005746] ACPI: HPET 0x0000000088B4C000 000038 (v01 GBT    GBTUACPI 03242016 AMI  00000005)
[    0.005748] ACPI: FPDT 0x0000000088B4B000 000034 (v01 GBT    A M I    01072009 AMI  01000013)
[    0.005750] ACPI: BGRT 0x0000000088B4A000 000038 (v01 GBT    GBTUACPI 03242016 AMI  00010013)
[    0.005752] ACPI: IVRS 0x0000000088B49000 0001F0 (v02 GBT    AmdTable 00000001 AMD  00000001)
[    0.005754] ACPI: PCCT 0x0000000088B48000 00006E (v02 GBT    AmdTable 00000001 AMD  00000001)
[    0.005756] ACPI: SSDT 0x0000000088B38000 00FCC9 (v02 GBT    AmdTable 00000001 AMD  00000001)
[    0.005758] ACPI: CRAT 0x0000000088B34000 003AA8 (v01 GBT    AmdTable 00000001 AMD  00000001)
[    0.005760] ACPI: CDIT 0x0000000088B33000 000029 (v01 GBT    AmdTable 00000001 AMD  00000001)
[    0.005762] ACPI: SSDT 0x0000000088B31000 00182E (v02 AMD    CPMCMN   00000001 INTL 20200717)
[    0.005764] ACPI: WSMT 0x0000000088B30000 000028 (v01 GBT    GBTUACPI 03242016 AMI  00010013)
[    0.005766] ACPI: APIC 0x0000000088B2F000 000882 (v04 GBT    GBTUACPI 03242016 AMI  00010013)
[    0.005768] ACPI: ERST 0x0000000088B2E000 000230 (v01 AMIER  AMI.ERST 00000000 AMI. 00000000)
[    0.005771] ACPI: HEST 0x0000000088AF5000 038A74 (v01 AMD    AmdTable 00000001 AMD  00000001)
[    0.005772] ACPI: Reserving FACP table memory at [mem 0x88b66000-0x88b66113]
[    0.005774] ACPI: Reserving DSDT table memory at [mem 0x88b53000-0x88b65893]
[    0.005774] ACPI: Reserving FACS table memory at [mem 0x88fcb000-0x88fcb03f]
[    0.005775] ACPI: Reserving SSDT table memory at [mem 0x88b6c000-0x88b6c929]
[    0.005776] ACPI: Reserving SPMI table memory at [mem 0x88b6b000-0x88b6b040]
[    0.005776] ACPI: Reserving SSDT table memory at [mem 0x88b67000-0x88b6a3a0]
[    0.005777] ACPI: Reserving FIDT table memory at [mem 0x88b52000-0x88b5209b]
[    0.005778] ACPI: Reserving MCFG table memory at [mem 0x88b51000-0x88b5103b]
[    0.005778] ACPI: Reserving SSDT table memory at [mem 0x88b50000-0x88b5076b]
[    0.005779] ACPI: Reserving SSDT table memory at [mem 0x88b4f000-0x88b4f341]
[    0.005779] ACPI: Reserving BERT table memory at [mem 0x88b4e000-0x88b4e02f]
[    0.005780] ACPI: Reserving HPET table memory at [mem 0x88b4c000-0x88b4c037]
[    0.005781] ACPI: Reserving FPDT table memory at [mem 0x88b4b000-0x88b4b033]
[    0.005781] ACPI: Reserving BGRT table memory at [mem 0x88b4a000-0x88b4a037]
[    0.005782] ACPI: Reserving IVRS table memory at [mem 0x88b49000-0x88b491ef]
[    0.005783] ACPI: Reserving PCCT table memory at [mem 0x88b48000-0x88b4806d]
[    0.005783] ACPI: Reserving SSDT table memory at [mem 0x88b38000-0x88b47cc8]
[    0.005784] ACPI: Reserving CRAT table memory at [mem 0x88b34000-0x88b37aa7]
[    0.005785] ACPI: Reserving CDIT table memory at [mem 0x88b33000-0x88b33028]
[    0.005785] ACPI: Reserving SSDT table memory at [mem 0x88b31000-0x88b3282d]
[    0.005786] ACPI: Reserving WSMT table memory at [mem 0x88b30000-0x88b30027]
[    0.005787] ACPI: Reserving APIC table memory at [mem 0x88b2f000-0x88b2f881]
[    0.005787] ACPI: Reserving ERST table memory at [mem 0x88b2e000-0x88b2e22f]
[    0.005788] ACPI: Reserving HEST table memory at [mem 0x88af5000-0x88b2da73]
[    0.005888] No NUMA configuration found
[    0.005889] Faking a node at [mem 0x0000000000000000-0x000000406f2fffff]
[    0.005894] NODE_DATA(0) allocated [mem 0x406f2d5000-0x406f2fffff]
[    0.006215] Zone ranges:
[    0.006215]   DMA      [mem 0x0000000000001000-0x0000000000ffffff]
[    0.006217]   DMA32    [mem 0x0000000001000000-0x00000000ffffffff]
[    0.006218]   Normal   [mem 0x0000000100000000-0x000000406f2fffff]
[    0.006219]   Device   empty
[    0.006220] Movable zone start for each node
[    0.006221] Early memory node ranges
[    0.006221]   node   0: [mem 0x0000000000001000-0x000000000009ffff]
[    0.006223]   node   0: [mem 0x0000000000100000-0x000000002fffffff]
[    0.006223]   node   0: [mem 0x000000003000b000-0x0000000075cdffff]
[    0.006224]   node   0: [mem 0x0000000076000000-0x000000008351afff]
[    0.006225]   node   0: [mem 0x000000008a3ff000-0x000000008bffffff]
[    0.006225]   node   0: [mem 0x0000000100000000-0x000000106fdfffff]
[    0.006229]   node   0: [mem 0x0000001070000000-0x000000206fefffff]
[    0.006233]   node   0: [mem 0x0000002070000000-0x000000306fefffff]
[    0.006237]   node   0: [mem 0x0000003070000000-0x000000406f2fffff]
[    0.006241] Initmem setup node 0 [mem 0x0000000000001000-0x000000406f2fffff]
[    0.006246] On node 0, zone DMA: 1 pages in unavailable ranges
[    0.006259] On node 0, zone DMA: 96 pages in unavailable ranges
[    0.007618] On node 0, zone DMA32: 11 pages in unavailable ranges
[    0.007839] On node 0, zone DMA32: 800 pages in unavailable ranges
[    0.008062] On node 0, zone DMA32: 28388 pages in unavailable ranges
[    0.106691] On node 0, zone Normal: 16384 pages in unavailable ranges
[    0.208990] On node 0, zone Normal: 512 pages in unavailable ranges
[    0.311438] On node 0, zone Normal: 256 pages in unavailable ranges
[    0.413905] On node 0, zone Normal: 256 pages in unavailable ranges
[    0.413931] On node 0, zone Normal: 3328 pages in unavailable ranges
[    0.414054] ACPI: PM-Timer IO Port: 0x808
[    0.414074] ACPI: LAPIC_NMI (acpi_id[0xff] high edge lint[0x1])
[    0.414086] IOAPIC[0]: apic_id 240, version 33, address 0xfec00000, GSI 0-23
[    0.414091] IOAPIC[1]: apic_id 241, version 33, address 0x95400000, GSI 24-55
[    0.414096] IOAPIC[2]: apic_id 242, version 33, address 0xf4180000, GSI 56-87
[    0.414101] IOAPIC[3]: apic_id 243, version 33, address 0x94180000, GSI 88-119
[    0.414105] IOAPIC[4]: apic_id 244, version 33, address 0xf5180000, GSI 120-151
[    0.414107] ACPI: INT_SRC_OVR (bus 0 bus_irq 0 global_irq 2 dfl dfl)
[    0.414108] ACPI: INT_SRC_OVR (bus 0 bus_irq 9 global_irq 9 low level)
[    0.414113] ACPI: Using ACPI (MADT) for SMP configuration information
[    0.414114] ACPI: HPET id: 0x10228201 base: 0xfed00000
[    0.414122] e820: update [mem 0x7e087000-0x7e0defff] usable ==> reserved
[    0.414136] smpboot: Allowing 64 CPUs, 0 hotplug CPUs
[    0.414163] PM: hibernation: Registered nosave memory: [mem 0x00000000-0x00000fff]
[    0.414165] PM: hibernation: Registered nosave memory: [mem 0x000a0000-0x000fffff]
[    0.414166] PM: hibernation: Registered nosave memory: [mem 0x30000000-0x3000afff]
[    0.414167] PM: hibernation: Registered nosave memory: [mem 0x75ce0000-0x75ffffff]
[    0.414169] PM: hibernation: Registered nosave memory: [mem 0x7d70c000-0x7d70cfff]
[    0.414170] PM: hibernation: Registered nosave memory: [mem 0x7d732000-0x7d732fff]
[    0.414172] PM: hibernation: Registered nosave memory: [mem 0x7d738000-0x7d738fff]
[    0.414173] PM: hibernation: Registered nosave memory: [mem 0x7d749000-0x7d749fff]
[    0.414175] PM: hibernation: Registered nosave memory: [mem 0x7d883000-0x7d883fff]
[    0.414176] PM: hibernation: Registered nosave memory: [mem 0x7e087000-0x7e0defff]
[    0.414178] PM: hibernation: Registered nosave memory: [mem 0x8351b000-0x88a81fff]
[    0.414178] PM: hibernation: Registered nosave memory: [mem 0x88a82000-0x88b6cfff]
[    0.414179] PM: hibernation: Registered nosave memory: [mem 0x88b6d000-0x88fedfff]
[    0.414179] PM: hibernation: Registered nosave memory: [mem 0x88fee000-0x8a3fefff]
[    0.414181] PM: hibernation: Registered nosave memory: [mem 0x8c000000-0x8fffffff]
[    0.414181] PM: hibernation: Registered nosave memory: [mem 0x90000000-0x9417ffff]
[    0.414182] PM: hibernation: Registered nosave memory: [mem 0x94180000-0x94180fff]
[    0.414182] PM: hibernation: Registered nosave memory: [mem 0x94181000-0xf417ffff]
[    0.414183] PM: hibernation: Registered nosave memory: [mem 0xf4180000-0xf4180fff]
[    0.414183] PM: hibernation: Registered nosave memory: [mem 0xf4181000-0xf517ffff]
[    0.414184] PM: hibernation: Registered nosave memory: [mem 0xf5180000-0xf5180fff]
[    0.414184] PM: hibernation: Registered nosave memory: [mem 0xf5181000-0xfebfffff]
[    0.414185] PM: hibernation: Registered nosave memory: [mem 0xfec00000-0xfec00fff]
[    0.414186] PM: hibernation: Registered nosave memory: [mem 0xfec01000-0xfec0ffff]
[    0.414186] PM: hibernation: Registered nosave memory: [mem 0xfec10000-0xfec10fff]
[    0.414187] PM: hibernation: Registered nosave memory: [mem 0xfec11000-0xfecfffff]
[    0.414187] PM: hibernation: Registered nosave memory: [mem 0xfed00000-0xfed00fff]
[    0.414188] PM: hibernation: Registered nosave memory: [mem 0xfed01000-0xfed3ffff]
[    0.414188] PM: hibernation: Registered nosave memory: [mem 0xfed40000-0xfed44fff]
[    0.414189] PM: hibernation: Registered nosave memory: [mem 0xfed45000-0xfed7ffff]
[    0.414189] PM: hibernation: Registered nosave memory: [mem 0xfed80000-0xfed8ffff]
[    0.414190] PM: hibernation: Registered nosave memory: [mem 0xfed90000-0xfedbffff]
[    0.414190] PM: hibernation: Registered nosave memory: [mem 0xfedc0000-0xfedc0fff]
[    0.414191] PM: hibernation: Registered nosave memory: [mem 0xfedc1000-0xfedc1fff]
[    0.414191] PM: hibernation: Registered nosave memory: [mem 0xfedc2000-0xfedc8fff]
[    0.414192] PM: hibernation: Registered nosave memory: [mem 0xfedc9000-0xffffffff]
[    0.414193] PM: hibernation: Registered nosave memory: [mem 0x106fe00000-0x106fffffff]
[    0.414195] PM: hibernation: Registered nosave memory: [mem 0x206ff00000-0x206fffffff]
[    0.414197] PM: hibernation: Registered nosave memory: [mem 0x306ff00000-0x306fffffff]
[    0.414198] [mem 0x94181000-0xf417ffff] available for PCI devices
[    0.414200] Booting paravirtualized kernel on bare hardware
[    0.414202] clocksource: refined-jiffies: mask: 0xffffffff max_cycles: 0xffffffff, max_idle_ns: 1910969940391419 ns
[    0.414209] setup_percpu: NR_CPUS:8192 nr_cpumask_bits:64 nr_cpu_ids:64 nr_node_ids:1
[    0.418812] percpu: Embedded 86 pages/cpu s229376 r8192 d114688 u524288
[    0.418821] pcpu-alloc: s229376 r8192 d114688 u524288 alloc=1*2097152
[    0.418822] pcpu-alloc: [0] 00 01 02 03 [0] 04 05 06 07 
[    0.418827] pcpu-alloc: [0] 08 09 10 11 [0] 12 13 14 15 
[    0.418831] pcpu-alloc: [0] 16 17 18 19 [0] 20 21 22 23 
[    0.418835] pcpu-alloc: [0] 24 25 26 27 [0] 28 29 30 31 
[    0.418838] pcpu-alloc: [0] 32 33 34 35 [0] 36 37 38 39 
[    0.418842] pcpu-alloc: [0] 40 41 42 43 [0] 44 45 46 47 
[    0.418846] pcpu-alloc: [0] 48 49 50 51 [0] 52 53 54 55 
[    0.418849] pcpu-alloc: [0] 56 57 58 59 [0] 60 61 62 63 
[    0.418872] Kernel command line: BOOT_IMAGE=/boot/vmlinuz-6.8.0-90-generic root=UUID=91d7e936-ae91-4c1f-8228-3c7454495b51 ro
[    0.418916] Unknown kernel command line parameters "BOOT_IMAGE=/boot/vmlinuz-6.8.0-90-generic", will be passed to user space.
[    0.418934] random: crng init done
[    0.418935] printk: log_buf_len individual max cpu contribution: 4096 bytes
[    0.418936] printk: log_buf_len total cpu_extra contributions: 258048 bytes
[    0.418936] printk: log_buf_len min size: 262144 bytes
[    0.419268] printk: log_buf_len: 524288 bytes
[    0.419269] printk: early log buf free: 240208(91%)
[    0.432076] Dentry cache hash table entries: 16777216 (order: 15, 134217728 bytes, linear)
[    0.438456] Inode-cache hash table entries: 8388608 (order: 14, 67108864 bytes, linear)
[    0.438894] Fallback order for Node 0: 0 
[    0.438905] Built 1 zonelists, mobility grouping on.  Total pages: 66010861
[    0.438906] Policy zone: Normal
[    0.438915] mem auto-init: stack:all(zero), heap alloc:on, heap free:off
[    0.438945] software IO TLB: area num 64.
[    0.961967] Memory: 263508252K/268235328K available (22528K kernel code, 4441K rwdata, 14384K rodata, 4912K init, 4796K bss, 4726816K reserved, 0K cma-reserved)
[    0.962856] SLUB: HWalign=64, Order=0-3, MinObjects=0, CPUs=64, Nodes=1
[    0.962881] ftrace: allocating 58192 entries in 228 pages
[    0.975397] ftrace: allocated 228 pages with 4 groups
[    0.976333] Dynamic Preempt: voluntary
[    0.976504] rcu: Preemptible hierarchical RCU implementation.
[    0.976505] rcu: 	RCU restricting CPUs from NR_CPUS=8192 to nr_cpu_ids=64.
[    0.976506] 	Trampoline variant of Tasks RCU enabled.
[    0.976507] 	Rude variant of Tasks RCU enabled.
[    0.976507] 	Tracing variant of Tasks RCU enabled.
[    0.976508] rcu: RCU calculated value of scheduler-enlistment delay is 100 jiffies.
[    0.976508] rcu: Adjusting geometry for rcu_fanout_leaf=16, nr_cpu_ids=64
[    0.976537] RCU Tasks: Setting shift to 6 and lim to 1 rcu_task_cb_adjust=1 rcu_task_cpu_ids=64.
[    0.976541] RCU Tasks Rude: Setting shift to 6 and lim to 1 rcu_task_cb_adjust=1 rcu_task_cpu_ids=64.
[    0.976546] RCU Tasks Trace: Setting shift to 6 and lim to 1 rcu_task_cb_adjust=1 rcu_task_cpu_ids=64.
[    0.978982] NR_IRQS: 524544, nr_irqs: 3112, preallocated irqs: 16
[    0.979192] rcu: srcu_init: Setting srcu_struct sizes based on contention.
[    0.979324] Console: colour dummy device 80x25
[    0.979327] printk: legacy console [tty0] enabled
[    0.979730] ACPI: Core revision 20230628
[    0.979941] clocksource: hpet: mask: 0xffffffff max_cycles: 0xffffffff, max_idle_ns: 133484873504 ns
[    0.979962] APIC: Switch to symmetric I/O mode setup
[    0.980748] AMD-Vi: Using global IVHD EFR:0x59f77efa2094ade, EFR2:0x0
[    0.982847] ..TIMER: vector=0x30 apic1=0 pin1=2 apic2=-1 pin2=-1
[    0.986961] clocksource: tsc-early: mask: 0xffffffffffffffff max_cycles: 0x285c382254d, max_idle_ns: 440795205105 ns
[    0.986968] Calibrating delay loop (skipped), value calculated using timer frequency.. 5599.98 BogoMIPS (lpj=2799991)
[    0.986985] x86/cpu: User Mode Instruction Prevention (UMIP) activated
[    0.987085] LVT offset 2 assigned for vector 0xf4
[    0.987119] process: using mwait in idle threads
[    0.987121] Last level iTLB entries: 4KB 512, 2MB 512, 4MB 256
[    0.987123] Last level dTLB entries: 4KB 2048, 2MB 2048, 4MB 1024, 1GB 0
[    0.987127] Spectre V1 : Mitigation: usercopy/swapgs barriers and __user pointer sanitization
[    0.987130] Spectre V2 : Mitigation: Retpolines
[    0.987132] Spectre V2 : Spectre v2 / SpectreRSB mitigation: Filling RSB on context switch
[    0.987134] Spectre V2 : Spectre v2 / SpectreRSB : Filling RSB on VMEXIT
[    0.987136] Spectre V2 : Enabling Restricted Speculation for firmware calls
[    0.987138] Spectre V2 : mitigation: Enabling conditional Indirect Branch Prediction Barrier
[    0.987141] Spectre V2 : User space: Mitigation: STIBP always-on protection
[    0.987143] Speculative Store Bypass: Mitigation: Speculative Store Bypass disabled via prctl
[    0.987146] Speculative Return Stack Overflow: Mitigation: Safe RET
[    0.987148] VMSCAPE: Mitigation: IBPB before exit to userspace
[    0.987153] x86/fpu: Supporting XSAVE feature 0x001: 'x87 floating point registers'
[    0.987156] x86/fpu: Supporting XSAVE feature 0x002: 'SSE registers'
[    0.987158] x86/fpu: Supporting XSAVE feature 0x004: 'AVX registers'
[    0.987160] x86/fpu: Supporting XSAVE feature 0x200: 'Protection Keys User registers'
[    0.987162] x86/fpu: Supporting XSAVE feature 0x800: 'Control-flow User registers'
[    0.987164] x86/fpu: xstate_offset[2]:  576, xstate_sizes[2]:  256
[    0.987167] x86/fpu: xstate_offset[9]:  832, xstate_sizes[9]:    8
[    0.987169] x86/fpu: xstate_offset[11]:  840, xstate_sizes[11]:   16
[    0.987170] x86/fpu: Enabled xstate features 0xa07, context size is 856 bytes, using 'compacted' format.
[    1.015473] Freeing SMP alternatives memory: 48K
[    1.015480] pid_max: default: 65536 minimum: 512
[    1.019832] LSM: initializing lsm=lockdown,capability,landlock,yama,apparmor,integrity
[    1.019861] landlock: Up and running.
[    1.019865] Yama: becoming mindful.
[    1.019900] AppArmor: AppArmor initialized
[    1.020070] Mount-cache hash table entries: 262144 (order: 9, 2097152 bytes, linear)
[    1.020203] Mountpoint-cache hash table entries: 262144 (order: 9, 2097152 bytes, linear)
[    1.122803] smpboot: CPU0: AMD EPYC 7543 32-Core Processor (family: 0x19, model: 0x1, stepping: 0x1)
[    1.122966] Performance Events: Fam17h+ 16-deep BRS, core perfctr, AMD PMU driver.
[    1.122966] ... version:                0
[    1.122966] ... bit width:              48
[    1.122966] ... generic registers:      6
[    1.122966] ... value mask:             0000ffffffffffff
[    1.122966] ... max period:             00007fffffffffff
[    1.122966] ... fixed-purpose events:   0
[    1.122966] ... event mask:             000000000000003f
[    1.122966] signal: max sigframe size: 3376
[    1.122966] rcu: Hierarchical SRCU implementation.
[    1.122966] rcu: 	Max phase no-delay instances is 400.
[    1.126089] NMI watchdog: Enabled. Permanently consumes one hw-PMU counter.
[    1.126609] smp: Bringing up secondary CPUs ...
[    1.126739] smpboot: x86: Booting SMP configuration:
[    1.126744] .... node  #0, CPUs:        #1  #2  #3  #4  #5  #6  #7  #8  #9 #10 #11 #12 #13 #14 #15 #16 #17 #18 #19 #20 #21 #22 #23 #24 #25 #26 #27 #28 #29 #30 #31 #32 #33 #34 #35 #36 #37 #38 #39 #40 #41 #42 #43 #44 #45 #46 #47 #48 #49 #50 #51 #52 #53 #54 #55 #56 #57 #58 #59 #60 #61 #62 #63
[    1.177150] Spectre V2 : Update user space SMT mitigation: STIBP always-on
[    1.214039] smp: Brought up 1 node, 64 CPUs
[    1.214039] smpboot: Max logical packages: 1
[    1.214039] smpboot: Total of 64 processors activated (358398.84 BogoMIPS)
[    1.218474] devtmpfs: initialized
[    1.218474] x86/mm: Memory block size: 2048MB
[    1.223202] ACPI: PM: Registering ACPI NVS region [mem 0x30000000-0x3000afff] (45056 bytes)
[    1.223202] ACPI: PM: Registering ACPI NVS region [mem 0x88b6d000-0x88fedfff] (4722688 bytes)
[    1.223202] clocksource: jiffies: mask: 0xffffffff max_cycles: 0xffffffff, max_idle_ns: 1911260446275000 ns
[    1.223234] futex hash table entries: 16384 (order: 8, 1048576 bytes, linear)
[    1.223398] pinctrl core: initialized pinctrl subsystem
[    1.223544] PM: RTC time: 21:45:19, date: 2025-12-19
[    1.224265] NET: Registered PF_NETLINK/PF_ROUTE protocol family
[    1.224679] DMA: preallocated 4096 KiB GFP_KERNEL pool for atomic allocations
[    1.224891] DMA: preallocated 4096 KiB GFP_KERNEL|GFP_DMA pool for atomic allocations
[    1.225152] DMA: preallocated 4096 KiB GFP_KERNEL|GFP_DMA32 pool for atomic allocations
[    1.225169] audit: initializing netlink subsys (disabled)
[    1.225185] audit: type=2000 audit(1766180719.245:1): state=initialized audit_enabled=0 res=1
[    1.225185] thermal_sys: Registered thermal governor 'fair_share'
[    1.225185] thermal_sys: Registered thermal governor 'bang_bang'
[    1.225185] thermal_sys: Registered thermal governor 'step_wise'
[    1.225185] thermal_sys: Registered thermal governor 'user_space'
[    1.225185] thermal_sys: Registered thermal governor 'power_allocator'
[    1.225185] cpuidle: using governor ladder
[    1.225185] cpuidle: using governor menu
[    1.225185] Detected 1 PCC Subspaces
[    1.225185] Registering PCC driver as Mailbox controller
[    1.226054] acpiphp: ACPI Hot Plug PCI Controller Driver version: 0.5
[    1.226054] PCI: ECAM [mem 0xe0000000-0xefffffff] (base 0xe0000000) for domain 0000 [bus 00-ff]
[    1.226054] PCI: Using configuration type 1 for base access
[    1.226203] kprobes: kprobe jump-optimization is enabled. All kprobes are optimized if possible.
[    1.226218] HugeTLB: registered 1.00 GiB page size, pre-allocated 0 pages
[    1.226218] HugeTLB: 16380 KiB vmemmap can be freed for a 1.00 GiB page
[    1.226218] HugeTLB: registered 2.00 MiB page size, pre-allocated 0 pages
[    1.226218] HugeTLB: 28 KiB vmemmap can be freed for a 2.00 MiB page
[    1.227082] fbcon: Taking over console
[    1.227171] ACPI: Added _OSI(Module Device)
[    1.227176] ACPI: Added _OSI(Processor Device)
[    1.227180] ACPI: Added _OSI(3.0 _SCP Extensions)
[    1.227184] ACPI: Added _OSI(Processor Aggregator Device)
[    1.275047] ACPI: 7 ACPI AML tables successfully acquired and loaded
[    1.284604] ACPI: _OSC evaluation for CPUs failed, trying _PDC
[    1.286962] ACPI: Interpreter enabled
[    1.286982] ACPI: PM: (supports S0 S5)
[    1.286986] ACPI: Using IOAPIC for interrupt routing
[    1.375387] HEST: Table parsing has been initialized.
[    1.399871] GHES: APEI firmware first mode is enabled by APEI bit.
[    1.399879] PCI: Using host bridge windows from ACPI; if necessary, use "pci=nocrs" and report a bug
[    1.399885] PCI: Ignoring E820 reservations for host bridge windows
[    1.401746] ACPI: Enabled 3 GPEs in block 00 to 1F
[    1.405771] ACPI: \_SB_.PCI0.C031.SATA.P0SA: New power resource
[    1.405819] ACPI: \_SB_.PCI0.C031.SATA.P3SA: New power resource
[    1.406586] ACPI: \_SB_.PCI0.C032.SATA.P0SA: New power resource
[    1.406631] ACPI: \_SB_.PCI0.C032.SATA.P3SA: New power resource
[    1.417070] ACPI: \_SB_.S0D2.C021.SATA.P0SA: New power resource
[    1.417116] ACPI: \_SB_.S0D2.C021.SATA.P3SA: New power resource
[    1.417880] ACPI: \_SB_.S0D2.C022.SATA.P0SA: New power resource
[    1.417926] ACPI: \_SB_.S0D2.C022.SATA.P3SA: New power resource
[    1.421180] ACPI: \_SB_.S0D1.C011.SATA.P0SA: New power resource
[    1.421227] ACPI: \_SB_.S0D1.C011.SATA.P3SA: New power resource
[    1.421983] ACPI: \_SB_.S0D1.C012.SATA.P0SA: New power resource
[    1.422030] ACPI: \_SB_.S0D1.C012.SATA.P3SA: New power resource
[    1.425568] ACPI: \_SB_.S0D0.C001.SATA.P0SA: New power resource
[    1.425614] ACPI: \_SB_.S0D0.C001.SATA.P3SA: New power resource
[    1.426381] ACPI: \_SB_.S0D0.C002.SATA.P0SA: New power resource
[    1.426427] ACPI: \_SB_.S0D0.C002.SATA.P3SA: New power resource
[    1.429343] ACPI: \_SB_.S1D3.C131.SATA.P0SA: New power resource
[    1.429390] ACPI: \_SB_.S1D3.C131.SATA.P3SA: New power resource
[    1.430168] ACPI: \_SB_.S1D3.C132.SATA.P0SA: New power resource
[    1.430213] ACPI: \_SB_.S1D3.C132.SATA.P3SA: New power resource
[    1.433137] ACPI: \_SB_.S1D2.C121.SATA.P0SA: New power resource
[    1.433184] ACPI: \_SB_.S1D2.C121.SATA.P3SA: New power resource
[    1.433954] ACPI: \_SB_.S1D2.C122.SATA.P0SA: New power resource
[    1.434002] ACPI: \_SB_.S1D2.C122.SATA.P3SA: New power resource
[    1.436914] ACPI: \_SB_.S1D1.C111.SATA.P0SA: New power resource
[    1.436961] ACPI: \_SB_.S1D1.C111.SATA.P3SA: New power resource
[    1.437733] ACPI: \_SB_.S1D1.C112.SATA.P0SA: New power resource
[    1.437780] ACPI: \_SB_.S1D1.C112.SATA.P3SA: New power resource
[    1.440869] ACPI: \_SB_.S1D0.C101.SATA.P0SA: New power resource
[    1.440914] ACPI: \_SB_.S1D0.C101.SATA.P3SA: New power resource
[    1.441683] ACPI: \_SB_.S1D0.C102.SATA.P0SA: New power resource
[    1.441728] ACPI: \_SB_.S1D0.C102.SATA.P3SA: New power resource
[    1.449717] ACPI: PCI Root Bridge [PCI0] (domain 0000 [bus 00-3f])
[    1.449728] acpi PNP0A08:00: _OSC: OS supports [ExtendedConfig ASPM ClockPM Segments MSI EDR HPX-Type3]
[    1.449933] acpi PNP0A08:00: _OSC: platform does not support [SHPCHotplug AER LTR DPC]
[    1.450306] acpi PNP0A08:00: _OSC: OS now controls [PCIeHotplug PME PCIeCapability]
[    1.451044] PCI host bridge to bus 0000:00
[    1.451052] pci_bus 0000:00: root bus resource [io  0x0000-0x03af window]
[    1.451058] pci_bus 0000:00: root bus resource [io  0x03e0-0x0cf7 window]
[    1.451063] pci_bus 0000:00: root bus resource [io  0x1000-0x4fff window]
[    1.451068] pci_bus 0000:00: root bus resource [mem 0x000c0000-0x000dffff window]
[    1.451074] pci_bus 0000:00: root bus resource [mem 0xf6000000-0xf83fffff window]
[    1.451080] pci_bus 0000:00: root bus resource [mem 0x38081000000-0x48080ffffff window]
[    1.451086] pci_bus 0000:00: root bus resource [bus 00-3f]
[    1.451110] pci 0000:00:00.0: [1022:1480] type 00 class 0x060000 conventional PCI endpoint
[    1.451225] pci 0000:00:00.2: [1022:164f] type 00 class 0x080600 conventional PCI endpoint
[    1.451371] pci 0000:00:01.0: [1022:1482] type 00 class 0x060000 conventional PCI endpoint
[    1.451462] pci 0000:00:02.0: [1022:1482] type 00 class 0x060000 conventional PCI endpoint
[    1.451548] pci 0000:00:03.0: [1022:1482] type 00 class 0x060000 conventional PCI endpoint
[    1.451638] pci 0000:00:03.3: [1022:1483] type 01 class 0x060400 PCIe Root Port
[    1.451659] pci 0000:00:03.3: PCI bridge to [bus 01]
[    1.451669] pci 0000:00:03.3:   bridge window [mem 0xf8300000-0xf83fffff]
[    1.451739] pci 0000:00:03.3: PME# supported from D0 D3hot D3cold
[    1.451903] pci 0000:00:04.0: [1022:1482] type 00 class 0x060000 conventional PCI endpoint
[    1.452036] pci 0000:00:05.0: [1022:1482] type 00 class 0x060000 conventional PCI endpoint
[    1.452130] pci 0000:00:07.0: [1022:1482] type 00 class 0x060000 conventional PCI endpoint
[    1.452217] pci 0000:00:07.1: [1022:1484] type 01 class 0x060400 PCIe Root Port
[    1.452240] pci 0000:00:07.1: PCI bridge to [bus 02]
[    1.452249] pci 0000:00:07.1:   bridge window [mem 0xf8200000-0xf82fffff]
[    1.452266] pci 0000:00:07.1: enabling Extended Tags
[    1.452319] pci 0000:00:07.1: PME# supported from D0 D3hot D3cold
[    1.452484] pci 0000:00:08.0: [1022:1482] type 00 class 0x060000 conventional PCI endpoint
[    1.452573] pci 0000:00:08.1: [1022:1484] type 01 class 0x060400 PCIe Root Port
[    1.452596] pci 0000:00:08.1: PCI bridge to [bus 03]
[    1.452605] pci 0000:00:08.1:   bridge window [mem 0xf8000000-0xf81fffff]
[    1.452623] pci 0000:00:08.1: enabling Extended Tags
[    1.452679] pci 0000:00:08.1: PME# supported from D0 D3hot D3cold
[    1.452867] pci 0000:00:14.0: [1022:790b] type 00 class 0x0c0500 conventional PCI endpoint
[    1.453089] pci 0000:00:14.3: [1022:790e] type 00 class 0x060100 conventional PCI endpoint
[    1.453251] pci 0000:00:18.0: [1022:1650] type 00 class 0x060000 conventional PCI endpoint
[    1.453312] pci 0000:00:18.1: [1022:1651] type 00 class 0x060000 conventional PCI endpoint
[    1.453376] pci 0000:00:18.2: [1022:1652] type 00 class 0x060000 conventional PCI endpoint
[    1.453439] pci 0000:00:18.3: [1022:1653] type 00 class 0x060000 conventional PCI endpoint
[    1.453500] pci 0000:00:18.4: [1022:1654] type 00 class 0x060000 conventional PCI endpoint
[    1.453560] pci 0000:00:18.5: [1022:1655] type 00 class 0x060000 conventional PCI endpoint
[    1.453622] pci 0000:00:18.6: [1022:1656] type 00 class 0x060000 conventional PCI endpoint
[    1.453684] pci 0000:00:18.7: [1022:1657] type 00 class 0x060000 conventional PCI endpoint
[    1.453814] pci 0000:01:00.0: [1c5c:1959] type 00 class 0x010802 PCIe Endpoint
[    1.453859] pci 0000:01:00.0: BAR 0 [mem 0xf8300000-0xf8303fff 64bit]
[    1.454016] pci 0000:01:00.0: 31.504 Gb/s available PCIe bandwidth, limited by 8.0 GT/s PCIe x4 link at 0000:00:03.3 (capable of 63.012 Gb/s with 16.0 GT/s PCIe x4 link)
[    1.454122] pci 0000:00:03.3: PCI bridge to [bus 01]
[    1.454209] pci 0000:02:00.0: [1022:148a] type 00 class 0x130000 PCIe Endpoint
[    1.454249] pci 0000:02:00.0: enabling Extended Tags
[    1.454453] pci 0000:02:00.2: [1022:1498] type 00 class 0x108000 PCIe Endpoint
[    1.454486] pci 0000:02:00.2: BAR 2 [mem 0xf8200000-0xf827ffff]
[    1.454493] pci 0000:02:00.2: BAR 5 [mem 0xf8280000-0xf8281fff]
[    1.454503] pci 0000:02:00.2: enabling Extended Tags
[    1.454691] pci 0000:00:07.1: PCI bridge to [bus 02]
[    1.454799] pci 0000:03:00.0: [1022:1485] type 00 class 0x130000 PCIe Endpoint
[    1.454841] pci 0000:03:00.0: enabling Extended Tags
[    1.455058] pci 0000:03:00.2: [1022:1498] type 00 class 0x108000 PCIe Endpoint
[    1.455094] pci 0000:03:00.2: BAR 2 [mem 0xf8100000-0xf817ffff]
[    1.455101] pci 0000:03:00.2: BAR 5 [mem 0xf8180000-0xf8181fff]
[    1.455111] pci 0000:03:00.2: enabling Extended Tags
[    1.455295] pci 0000:03:00.3: [1022:148c] type 00 class 0x0c0330 PCIe Endpoint
[    1.455332] pci 0000:03:00.3: BAR 0 [mem 0xf8000000-0xf80fffff 64bit]
[    1.455345] pci 0000:03:00.3: enabling Extended Tags
[    1.455402] pci 0000:03:00.3: PME# supported from D0 D3hot D3cold
[    1.455565] pci 0000:00:08.1: PCI bridge to [bus 03]
[    1.457891] ACPI: PCI Root Bridge [S0D2] (domain 0000 [bus 40-7f])
[    1.457900] acpi PNP0A08:01: _OSC: OS supports [ExtendedConfig ASPM ClockPM Segments MSI EDR HPX-Type3]
[    1.458106] acpi PNP0A08:01: _OSC: platform does not support [SHPCHotplug AER LTR DPC]
[    1.458473] acpi PNP0A08:01: _OSC: OS now controls [PCIeHotplug PME PCIeCapability]
[    1.459067] PCI host bridge to bus 0000:40
[    1.459072] pci_bus 0000:40: root bus resource [io  0x5000-0x9fff window]
[    1.459078] pci_bus 0000:40: root bus resource [mem 0x90000000-0x93bfffff window]
[    1.459084] pci_bus 0000:40: root bus resource [mem 0x28081000000-0x38080ffffff window]
[    1.459090] pci_bus 0000:40: root bus resource [bus 40-7f]
[    1.459108] pci 0000:40:00.0: [1022:1480] type 00 class 0x060000 conventional PCI endpoint
[    1.459208] pci 0000:40:00.2: [1022:164f] type 00 class 0x080600 conventional PCI endpoint
[    1.459340] pci 0000:40:01.0: [1022:1482] type 00 class 0x060000 conventional PCI endpoint
[    1.459427] pci 0000:40:01.1: [1022:1483] type 01 class 0x060400 PCIe Root Port
[    1.459449] pci 0000:40:01.1: PCI bridge to [bus 41]
[    1.459457] pci 0000:40:01.1:   bridge window [io  0x9000-0x9fff]
[    1.459464] pci 0000:40:01.1:   bridge window [mem 0x92000000-0x930fffff]
[    1.459475] pci 0000:40:01.1:   bridge window [mem 0x38060000000-0x38071ffffff 64bit pref]
[    1.459540] pci 0000:40:01.1: PME# supported from D0 D3hot D3cold
[    1.459709] pci 0000:40:02.0: [1022:1482] type 00 class 0x060000 conventional PCI endpoint
[    1.459794] pci 0000:40:03.0: [1022:1482] type 00 class 0x060000 conventional PCI endpoint
[    1.459877] pci 0000:40:04.0: [1022:1482] type 00 class 0x060000 conventional PCI endpoint
[    1.459960] pci 0000:40:05.0: [1022:1482] type 00 class 0x060000 conventional PCI endpoint
[    1.460044] pci 0000:40:07.0: [1022:1482] type 00 class 0x060000 conventional PCI endpoint
[    1.460130] pci 0000:40:07.1: [1022:1484] type 01 class 0x060400 PCIe Root Port
[    1.460151] pci 0000:40:07.1: PCI bridge to [bus 42]
[    1.460160] pci 0000:40:07.1:   bridge window [mem 0x93500000-0x935fffff]
[    1.460176] pci 0000:40:07.1: enabling Extended Tags
[    1.460228] pci 0000:40:07.1: PME# supported from D0 D3hot D3cold
[    1.460385] pci 0000:40:08.0: [1022:1482] type 00 class 0x060000 conventional PCI endpoint
[    1.460470] pci 0000:40:08.1: [1022:1484] type 01 class 0x060400 PCIe Root Port
[    1.460492] pci 0000:40:08.1: PCI bridge to [bus 43]
[    1.460501] pci 0000:40:08.1:   bridge window [mem 0x93200000-0x934fffff]
[    1.460518] pci 0000:40:08.1: enabling Extended Tags
[    1.460571] pci 0000:40:08.1: PME# supported from D0 D3hot D3cold
[    1.460816] pci 0000:41:00.0: [10de:2204] type 00 class 0x030000 PCIe Legacy Endpoint
[    1.460851] pci 0000:41:00.0: BAR 0 [mem 0x92000000-0x92ffffff]
[    1.460858] pci 0000:41:00.0: BAR 1 [mem 0x38060000000-0x3806fffffff 64bit pref]
[    1.460865] pci 0000:41:00.0: BAR 3 [mem 0x38070000000-0x38071ffffff 64bit pref]
[    1.460872] pci 0000:41:00.0: BAR 5 [io  0x9000-0x907f]
[    1.460877] pci 0000:41:00.0: ROM [mem 0x93000000-0x9307ffff pref]
[    1.460941] pci 0000:41:00.0: PME# supported from D0 D3hot
[    1.461127] pci 0000:41:00.1: [10de:1aef] type 00 class 0x040300 PCIe Endpoint
[    1.461161] pci 0000:41:00.1: BAR 0 [mem 0x93080000-0x93083fff]
[    1.461299] pci 0000:40:01.1: PCI bridge to [bus 41]
[    1.461385] pci 0000:42:00.0: [1022:148a] type 00 class 0x130000 PCIe Endpoint
[    1.461423] pci 0000:42:00.0: enabling Extended Tags
[    1.461617] pci 0000:42:00.2: [1022:1498] type 00 class 0x108000 PCIe Endpoint
[    1.461649] pci 0000:42:00.2: BAR 2 [mem 0x93500000-0x9357ffff]
[    1.461657] pci 0000:42:00.2: BAR 5 [mem 0x93580000-0x93581fff]
[    1.461666] pci 0000:42:00.2: enabling Extended Tags
[    1.461848] pci 0000:40:07.1: PCI bridge to [bus 42]
[    1.461954] pci 0000:43:00.0: [1022:1485] type 00 class 0x130000 PCIe Endpoint
[    1.461999] pci 0000:43:00.0: enabling Extended Tags
[    1.462206] pci 0000:43:00.1: [1022:1486] type 00 class 0x108000 PCIe Endpoint
[    1.462241] pci 0000:43:00.1: BAR 2 [mem 0x93300000-0x933fffff]
[    1.462248] pci 0000:43:00.1: BAR 5 [mem 0x93482000-0x93483fff]
[    1.462258] pci 0000:43:00.1: enabling Extended Tags
[    1.462435] pci 0000:43:00.2: [1022:1498] type 00 class 0x108000 PCIe Endpoint
[    1.462469] pci 0000:43:00.2: BAR 2 [mem 0x93400000-0x9347ffff]
[    1.462477] pci 0000:43:00.2: BAR 5 [mem 0x93480000-0x93481fff]
[    1.462487] pci 0000:43:00.2: enabling Extended Tags
[    1.462665] pci 0000:43:00.3: [1022:148c] type 00 class 0x0c0330 PCIe Endpoint
[    1.462700] pci 0000:43:00.3: BAR 0 [mem 0x93200000-0x932fffff 64bit]
[    1.462713] pci 0000:43:00.3: enabling Extended Tags
[    1.462768] pci 0000:43:00.3: PME# supported from D0 D3hot D3cold
[    1.462950] pci 0000:40:08.1: PCI bridge to [bus 43]
[    1.463970] ACPI: PCI Root Bridge [S0D1] (domain 0000 [bus 80-bf])
[    1.463979] acpi PNP0A08:02: _OSC: OS supports [ExtendedConfig ASPM ClockPM Segments MSI EDR HPX-Type3]
[    1.464185] acpi PNP0A08:02: _OSC: platform does not support [SHPCHotplug AER LTR DPC]
[    1.464554] acpi PNP0A08:02: _OSC: OS now controls [PCIeHotplug PME PCIeCapability]
[    1.465135] PCI host bridge to bus 0000:80
[    1.465140] pci_bus 0000:80: root bus resource [io  0xa000-0xcfff window]
[    1.465146] pci_bus 0000:80: root bus resource [mem 0xf0000000-0xf3ffffff window]
[    1.465152] pci_bus 0000:80: root bus resource [mem 0x20021000000-0x28020ffffff window]
[    1.465158] pci_bus 0000:80: root bus resource [bus 80-bf]
[    1.465179] pci 0000:80:00.0: [1022:1480] type 00 class 0x060000 conventional PCI endpoint
[    1.465278] pci 0000:80:00.2: [1022:164f] type 00 class 0x080600 conventional PCI endpoint
[    1.465411] pci 0000:80:01.0: [1022:1482] type 00 class 0x060000 conventional PCI endpoint
[    1.465497] pci 0000:80:02.0: [1022:1482] type 00 class 0x060000 conventional PCI endpoint
[    1.465580] pci 0000:80:03.0: [1022:1482] type 00 class 0x060000 conventional PCI endpoint
[    1.465665] pci 0000:80:03.1: [1022:1483] type 01 class 0x060400 PCIe Root Port
[    1.465687] pci 0000:80:03.1: PCI bridge to [bus 81]
[    1.465696] pci 0000:80:03.1:   bridge window [mem 0xf2000000-0xf2ffffff]
[    1.465707] pci 0000:80:03.1:   bridge window [mem 0x27800000000-0x28001ffffff 64bit pref]
[    1.465773] pci 0000:80:03.1: PME# supported from D0 D3hot D3cold
[    1.465936] pci 0000:80:04.0: [1022:1482] type 00 class 0x060000 conventional PCI endpoint
[    1.466023] pci 0000:80:05.0: [1022:1482] type 00 class 0x060000 conventional PCI endpoint
[    1.466113] pci 0000:80:07.0: [1022:1482] type 00 class 0x060000 conventional PCI endpoint
[    1.466199] pci 0000:80:07.1: [1022:1484] type 01 class 0x060400 PCIe Root Port
[    1.466220] pci 0000:80:07.1: PCI bridge to [bus 82]
[    1.466229] pci 0000:80:07.1:   bridge window [mem 0xf3200000-0xf32fffff]
[    1.466246] pci 0000:80:07.1: enabling Extended Tags
[    1.466298] pci 0000:80:07.1: PME# supported from D0 D3hot D3cold
[    1.466457] pci 0000:80:08.0: [1022:1482] type 00 class 0x060000 conventional PCI endpoint
[    1.466542] pci 0000:80:08.1: [1022:1484] type 01 class 0x060400 PCIe Root Port
[    1.466565] pci 0000:80:08.1: PCI bridge to [bus 83]
[    1.466574] pci 0000:80:08.1:   bridge window [mem 0xf3100000-0xf31fffff]
[    1.466591] pci 0000:80:08.1: enabling Extended Tags
[    1.466645] pci 0000:80:08.1: PME# supported from D0 D3hot D3cold
[    1.466816] pci 0000:80:08.2: [1022:1484] type 01 class 0x060400 PCIe Root Port
[    1.466838] pci 0000:80:08.2: PCI bridge to [bus 84]
[    1.466847] pci 0000:80:08.2:   bridge window [mem 0xf3000000-0xf30fffff]
[    1.466864] pci 0000:80:08.2: enabling Extended Tags
[    1.466918] pci 0000:80:08.2: PME# supported from D0 D3hot D3cold
[    1.467138] pci 0000:81:00.0: [10de:1db5] type 00 class 0x030200 PCIe Endpoint
[    1.467176] pci 0000:81:00.0: BAR 0 [mem 0xf2000000-0xf2ffffff]
[    1.467183] pci 0000:81:00.0: BAR 1 [mem 0x27800000000-0x27fffffffff 64bit pref]
[    1.467190] pci 0000:81:00.0: BAR 3 [mem 0x28000000000-0x28001ffffff 64bit pref]
[    1.467216] pci 0000:81:00.0: Enabling HDA controller
[    1.467333] pci 0000:81:00.0: 31.504 Gb/s available PCIe bandwidth, limited by 8.0 GT/s PCIe x4 link at 0000:80:03.1 (capable of 126.016 Gb/s with 8.0 GT/s PCIe x16 link)
[    1.467418] pci 0000:80:03.1: PCI bridge to [bus 81]
[    1.467503] pci 0000:82:00.0: [1022:148a] type 00 class 0x130000 PCIe Endpoint
[    1.467542] pci 0000:82:00.0: enabling Extended Tags
[    1.467740] pci 0000:82:00.2: [1022:1498] type 00 class 0x108000 PCIe Endpoint
[    1.467773] pci 0000:82:00.2: BAR 2 [mem 0xf3200000-0xf327ffff]
[    1.467780] pci 0000:82:00.2: BAR 5 [mem 0xf3280000-0xf3281fff]
[    1.467790] pci 0000:82:00.2: enabling Extended Tags
[    1.467978] pci 0000:80:07.1: PCI bridge to [bus 82]
[    1.468088] pci 0000:83:00.0: [1022:1485] type 00 class 0x130000 PCIe Endpoint
[    1.468130] pci 0000:83:00.0: enabling Extended Tags
[    1.468341] pci 0000:83:00.2: [1022:1498] type 00 class 0x108000 PCIe Endpoint
[    1.468375] pci 0000:83:00.2: BAR 2 [mem 0xf3100000-0xf317ffff]
[    1.468383] pci 0000:83:00.2: BAR 5 [mem 0xf3180000-0xf3181fff]
[    1.468393] pci 0000:83:00.2: enabling Extended Tags
[    1.468589] pci 0000:80:08.1: PCI bridge to [bus 83]
[    1.468662] pci 0000:84:00.0: [1022:7901] type 00 class 0x010601 PCIe Endpoint
[    1.468700] pci 0000:84:00.0: BAR 5 [mem 0xf3000000-0xf30007ff]
[    1.468710] pci 0000:84:00.0: enabling Extended Tags
[    1.468779] pci 0000:84:00.0: PME# supported from D3hot D3cold
[    1.468968] pci 0000:80:08.2: PCI bridge to [bus 84]
[    1.470018] ACPI: PCI Root Bridge [S0D0] (domain 0000 [bus c0-ff])
[    1.470027] acpi PNP0A08:03: _OSC: OS supports [ExtendedConfig ASPM ClockPM Segments MSI EDR HPX-Type3]
[    1.470232] acpi PNP0A08:03: _OSC: platform does not support [SHPCHotplug AER LTR DPC]
[    1.470602] acpi PNP0A08:03: _OSC: OS now controls [PCIeHotplug PME PCIeCapability]
[    1.471284] PCI host bridge to bus 0000:c0
[    1.471289] pci_bus 0000:c0: root bus resource [io  0x03b0-0x03df window]
[    1.471295] pci_bus 0000:c0: root bus resource [io  0xd000-0xffff window]
[    1.471300] pci_bus 0000:c0: root bus resource [mem 0x000a0000-0x000bffff window]
[    1.471306] pci_bus 0000:c0: root bus resource [mem 0x96000000-0x9dffffff window]
[    1.471312] pci_bus 0000:c0: root bus resource [mem 0x10021000000-0x20020ffffff window]
[    1.471318] pci_bus 0000:c0: root bus resource [bus c0-ff]
[    1.471336] pci 0000:c0:00.0: [1022:1480] type 00 class 0x060000 conventional PCI endpoint
[    1.471435] pci 0000:c0:00.2: [1022:164f] type 00 class 0x080600 conventional PCI endpoint
[    1.471568] pci 0000:c0:01.0: [1022:1482] type 00 class 0x060000 conventional PCI endpoint
[    1.471655] pci 0000:c0:01.4: [1022:1483] type 01 class 0x060400 PCIe Root Port
[    1.471676] pci 0000:c0:01.4: PCI bridge to [bus c1]
[    1.471685] pci 0000:c0:01.4:   bridge window [mem 0x9b000000-0x9bffffff]
[    1.471696] pci 0000:c0:01.4:   bridge window [mem 0x1f800000000-0x20001ffffff 64bit pref]
[    1.471761] pci 0000:c0:01.4: PME# supported from D0 D3hot D3cold
[    1.471917] pci 0000:c0:02.0: [1022:1482] type 00 class 0x060000 conventional PCI endpoint
[    1.472008] pci 0000:c0:03.0: [1022:1482] type 00 class 0x060000 conventional PCI endpoint
[    1.472095] pci 0000:c0:03.5: [1022:1483] type 01 class 0x060400 PCIe Root Port
[    1.472116] pci 0000:c0:03.5: PCI bridge to [bus c2]
[    1.472124] pci 0000:c0:03.5:   bridge window [io  0xf000-0xffff]
[    1.472130] pci 0000:c0:03.5:   bridge window [mem 0x9c200000-0x9c2fffff]
[    1.472141] pci 0000:c0:03.5:   bridge window [mem 0x20002100000-0x200021fffff 64bit pref]
[    1.472154] pci 0000:c0:03.5: enabling Extended Tags
[    1.472210] pci 0000:c0:03.5: PME# supported from D0 D3hot D3cold
[    1.472377] pci 0000:c0:03.6: [1022:1483] type 01 class 0x060400 PCIe Root Port
[    1.472398] pci 0000:c0:03.6: PCI bridge to [bus c3-c4]
[    1.472406] pci 0000:c0:03.6:   bridge window [io  0xe000-0xefff]
[    1.472412] pci 0000:c0:03.6:   bridge window [mem 0x98000000-0x9a0fffff]
[    1.472481] pci 0000:c0:03.6: PME# supported from D0 D3hot D3cold
[    1.472634] pci 0000:c0:04.0: [1022:1482] type 00 class 0x060000 conventional PCI endpoint
[    1.472717] pci 0000:c0:05.0: [1022:1482] type 00 class 0x060000 conventional PCI endpoint
[    1.472800] pci 0000:c0:07.0: [1022:1482] type 00 class 0x060000 conventional PCI endpoint
[    1.472882] pci 0000:c0:07.1: [1022:1484] type 01 class 0x060400 PCIe Root Port
[    1.472904] pci 0000:c0:07.1: PCI bridge to [bus c5]
[    1.472913] pci 0000:c0:07.1:   bridge window [mem 0x9c100000-0x9c1fffff]
[    1.472929] pci 0000:c0:07.1: enabling Extended Tags
[    1.472982] pci 0000:c0:07.1: PME# supported from D0 D3hot D3cold
[    1.473139] pci 0000:c0:08.0: [1022:1482] type 00 class 0x060000 conventional PCI endpoint
[    1.473227] pci 0000:c0:08.1: [1022:1484] type 01 class 0x060400 PCIe Root Port
[    1.473249] pci 0000:c0:08.1: PCI bridge to [bus c6]
[    1.473258] pci 0000:c0:08.1:   bridge window [mem 0x9c000000-0x9c0fffff]
[    1.473275] pci 0000:c0:08.1: enabling Extended Tags
[    1.473327] pci 0000:c0:08.1: PME# supported from D0 D3hot D3cold
[    1.473549] pci 0000:c1:00.0: [10de:1db5] type 00 class 0x030200 PCIe Endpoint
[    1.473586] pci 0000:c1:00.0: BAR 0 [mem 0x9b000000-0x9bffffff]
[    1.473593] pci 0000:c1:00.0: BAR 1 [mem 0x1f800000000-0x1ffffffffff 64bit pref]
[    1.473600] pci 0000:c1:00.0: BAR 3 [mem 0x20000000000-0x20001ffffff 64bit pref]
[    1.473627] pci 0000:c1:00.0: Enabling HDA controller
[    1.473738] pci 0000:c1:00.0: 31.504 Gb/s available PCIe bandwidth, limited by 8.0 GT/s PCIe x4 link at 0000:c0:01.4 (capable of 126.016 Gb/s with 8.0 GT/s PCIe x16 link)
[    1.473822] pci 0000:c0:01.4: PCI bridge to [bus c1]
[    1.473906] pci 0000:c2:00.0: [8086:1521] type 00 class 0x020000 PCIe Endpoint
[    1.473955] pci 0000:c2:00.0: BAR 0 [mem 0x9c220000-0x9c23ffff]
[    1.473963] pci 0000:c2:00.0: BAR 2 [io  0xf020-0xf03f]
[    1.473971] pci 0000:c2:00.0: BAR 3 [mem 0x9c244000-0x9c247fff]
[    1.474074] pci 0000:c2:00.0: PME# supported from D0 D3hot D3cold
[    1.474132] pci 0000:c2:00.0: VF BAR 0 [mem 0x20002160000-0x20002163fff 64bit pref]
[    1.474138] pci 0000:c2:00.0: VF BAR 0 [mem 0x20002160000-0x2000217ffff 64bit pref]: contains BAR 0 for 8 VFs
[    1.474149] pci 0000:c2:00.0: VF BAR 3 [mem 0x20002140000-0x20002143fff 64bit pref]
[    1.474154] pci 0000:c2:00.0: VF BAR 3 [mem 0x20002140000-0x2000215ffff 64bit pref]: contains BAR 3 for 8 VFs
[    1.474250] pci 0000:c2:00.0: 4.000 Gb/s available PCIe bandwidth, limited by 5.0 GT/s PCIe x1 link at 0000:c0:03.5 (capable of 16.000 Gb/s with 5.0 GT/s PCIe x4 link)
[    1.474376] pci 0000:c2:00.1: [8086:1521] type 00 class 0x020000 PCIe Endpoint
[    1.474426] pci 0000:c2:00.1: BAR 0 [mem 0x9c200000-0x9c21ffff]
[    1.474434] pci 0000:c2:00.1: BAR 2 [io  0xf000-0xf01f]
[    1.474439] pci 0000:c2:00.1: BAR 3 [mem 0x9c240000-0x9c243fff]
[    1.474536] pci 0000:c2:00.1: PME# supported from D0 D3hot D3cold
[    1.474589] pci 0000:c2:00.1: VF BAR 0 [mem 0x20002120000-0x20002123fff 64bit pref]
[    1.474594] pci 0000:c2:00.1: VF BAR 0 [mem 0x20002120000-0x2000213ffff 64bit pref]: contains BAR 0 for 8 VFs
[    1.474604] pci 0000:c2:00.1: VF BAR 3 [mem 0x20002100000-0x20002103fff 64bit pref]
[    1.474610] pci 0000:c2:00.1: VF BAR 3 [mem 0x20002100000-0x2000211ffff 64bit pref]: contains BAR 3 for 8 VFs
[    1.474799] pci 0000:c0:03.5: PCI bridge to [bus c2]
[    1.474878] pci 0000:c3:00.0: [1a03:1150] type 01 class 0x060400 PCIe to PCI/PCI-X bridge
[    1.474921] pci 0000:c3:00.0: PCI bridge to [bus c4]
[    1.474933] pci 0000:c3:00.0:   bridge window [io  0xe000-0xefff]
[    1.474941] pci 0000:c3:00.0:   bridge window [mem 0x98000000-0x9a0fffff]
[    1.475054] pci 0000:c3:00.0: supports D1 D2
[    1.475058] pci 0000:c3:00.0: PME# supported from D0 D1 D2 D3hot D3cold
[    1.477981] pci 0000:c0:03.6: PCI bridge to [bus c3-c4]
[    1.478038] pci_bus 0000:c4: extended config space not accessible
[    1.478075] pci 0000:c4:00.0: [1a03:2000] type 00 class 0x030000 conventional PCI endpoint
[    1.478149] pci 0000:c4:00.0: BAR 0 [mem 0x98000000-0x99ffffff]
[    1.478157] pci 0000:c4:00.0: BAR 1 [mem 0x9a000000-0x9a01ffff]
[    1.478165] pci 0000:c4:00.0: BAR 2 [io  0xe000-0xe07f]
[    1.478197] pci 0000:c4:00.0: Video device with shadowed ROM at [mem 0x000c0000-0x000dffff]
[    1.478249] pci 0000:c4:00.0: supports D1 D2
[    1.478254] pci 0000:c4:00.0: PME# supported from D0 D1 D2 D3hot D3cold
[    1.478385] pci 0000:c3:00.0: PCI bridge to [bus c4]
[    1.478502] pci 0000:c5:00.0: [1022:148a] type 00 class 0x130000 PCIe Endpoint
[    1.478542] pci 0000:c5:00.0: enabling Extended Tags
[    1.478760] pci 0000:c5:00.2: [1022:1498] type 00 class 0x108000 PCIe Endpoint
[    1.478795] pci 0000:c5:00.2: BAR 2 [mem 0x9c100000-0x9c17ffff]
[    1.478802] pci 0000:c5:00.2: BAR 5 [mem 0x9c180000-0x9c181fff]
[    1.478812] pci 0000:c5:00.2: enabling Extended Tags
[    1.478996] pci 0000:c0:07.1: PCI bridge to [bus c5]
[    1.479109] pci 0000:c6:00.0: [1022:1485] type 00 class 0x130000 PCIe Endpoint
[    1.479149] pci 0000:c6:00.0: enabling Extended Tags
[    1.479356] pci 0000:c6:00.2: [1022:1498] type 00 class 0x108000 PCIe Endpoint
[    1.479390] pci 0000:c6:00.2: BAR 2 [mem 0x9c000000-0x9c07ffff]
[    1.479398] pci 0000:c6:00.2: BAR 5 [mem 0x9c080000-0x9c081fff]
[    1.479408] pci 0000:c6:00.2: enabling Extended Tags
[    1.479598] pci 0000:c0:08.1: PCI bridge to [bus c6]
[    1.480468] ACPI: PCI: Interrupt link LNKA configured for IRQ 0
[    1.480566] ACPI: PCI: Interrupt link LNKB configured for IRQ 0
[    1.480653] ACPI: PCI: Interrupt link LNKC configured for IRQ 0
[    1.480757] ACPI: PCI: Interrupt link LNKD configured for IRQ 0
[    1.480851] ACPI: PCI: Interrupt link LNKE configured for IRQ 0
[    1.480930] ACPI: PCI: Interrupt link LNKF configured for IRQ 0
[    1.481012] ACPI: PCI: Interrupt link LNKG configured for IRQ 0
[    1.481093] ACPI: PCI: Interrupt link LNKH configured for IRQ 0
[    1.482424] iommu: Default domain type: Translated
[    1.482424] iommu: DMA domain TLB invalidation policy: lazy mode
[    1.482424] SCSI subsystem initialized
[    1.482982] libata version 3.00 loaded.
[    1.483010] ACPI: bus type USB registered
[    1.483028] usbcore: registered new interface driver usbfs
[    1.483039] usbcore: registered new interface driver hub
[    1.483070] usbcore: registered new device driver usb
[    1.483313] pps_core: LinuxPPS API ver. 1 registered
[    1.483317] pps_core: Software ver. 5.3.6 - Copyright 2005-2007 Rodolfo Giometti <giometti@linux.it>
[    1.483325] PTP clock support registered
[    1.483362] EDAC MC: Ver: 3.0.0
[    1.484027] efivars: Registered efivars operations
[    1.484213] NetLabel: Initializing
[    1.484218] NetLabel:  domain hash size = 128
[    1.484222] NetLabel:  protocols = UNLABELED CIPSOv4 CALIPSO
[    1.484252] NetLabel:  unlabeled traffic allowed by default
[    1.484277] mctp: management component transport protocol core
[    1.484277] NET: Registered PF_MCTP protocol family
[    1.484277] PCI: Using ACPI for IRQ routing
[    1.488399] PCI: pci_cache_line_size set to 64 bytes
[    1.488538] e820: reserve RAM buffer [mem 0x75ce0000-0x77ffffff]
[    1.488541] e820: reserve RAM buffer [mem 0x7d70c018-0x7fffffff]
[    1.488543] e820: reserve RAM buffer [mem 0x7d738018-0x7fffffff]
[    1.488544] e820: reserve RAM buffer [mem 0x7d883000-0x7fffffff]
[    1.488546] e820: reserve RAM buffer [mem 0x7e087000-0x7fffffff]
[    1.488547] e820: reserve RAM buffer [mem 0x8351b000-0x83ffffff]
[    1.488549] e820: reserve RAM buffer [mem 0x106fe00000-0x106fffffff]
[    1.488551] e820: reserve RAM buffer [mem 0x206ff00000-0x206fffffff]
[    1.488552] e820: reserve RAM buffer [mem 0x306ff00000-0x306fffffff]
[    1.488554] e820: reserve RAM buffer [mem 0x406f300000-0x406fffffff]
[    1.488983] pci 0000:41:00.0: vgaarb: setting as boot VGA device
[    1.488989] pci 0000:41:00.0: vgaarb: bridge control possible
[    1.488993] pci 0000:41:00.0: vgaarb: VGA device added: decodes=io+mem,owns=none,locks=none
[    1.489013] pci 0000:c4:00.0: vgaarb: setting as boot VGA device (overriding previous)
[    1.489018] pci 0000:c4:00.0: vgaarb: bridge control possible
[    1.489023] pci 0000:c4:00.0: vgaarb: VGA device added: decodes=io+mem,owns=io+mem,locks=none
[    1.489029] vgaarb: loaded
[    1.489035] hpet0: at MMIO 0xfed00000, IRQs 2, 8, 0
[    1.489035] hpet0: 3 comparators, 32-bit 14.318180 MHz counter
[    1.491102] clocksource: Switched to clocksource tsc-early
[    1.491994] VFS: Disk quotas dquot_6.6.0
[    1.492025] VFS: Dquot-cache hash table entries: 512 (order 0, 4096 bytes)
[    1.492240] AppArmor: AppArmor Filesystem Enabled
[    1.492277] pnp: PnP ACPI init
[    1.492418] system 00:00: [mem 0xe0000000-0xefffffff] has been reserved
[    1.493480] system 00:02: [io  0x0a00-0x0a0f] has been reserved
[    1.493486] system 00:02: [io  0x0a10-0x0a1f] has been reserved
[    1.493491] system 00:02: [io  0x0a20-0x0a2f] has been reserved
[    1.493497] system 00:02: [io  0x0a30-0x0a3f] has been reserved
[    1.493502] system 00:02: [io  0x0a40-0x0a4f] has been reserved
[    1.493889] pnp 00:03: [dma 0 disabled]
[    1.494309] pnp 00:04: [dma 0 disabled]
[    1.494714] pnp 00:05: disabling [io  0xfe00-0xfefe] because it overlaps 0000:c0:03.5 BAR 13 [io  0xf000-0xffff]
[    1.494779] system 00:05: [io  0x04d0-0x04d1] has been reserved
[    1.494785] system 00:05: [io  0x040b] has been reserved
[    1.494789] system 00:05: [io  0x04d6] has been reserved
[    1.494795] system 00:05: [io  0x0c00-0x0c01] has been reserved
[    1.494800] system 00:05: [io  0x0c14] has been reserved
[    1.494804] system 00:05: [io  0x0c50-0x0c51] has been reserved
[    1.494810] system 00:05: [io  0x0c52] has been reserved
[    1.494814] system 00:05: [io  0x0c6c] has been reserved
[    1.494819] system 00:05: [io  0x0c6f] has been reserved
[    1.494824] system 00:05: [io  0x0cd0-0x0cd1] has been reserved
[    1.494829] system 00:05: [io  0x0cd2-0x0cd3] has been reserved
[    1.494834] system 00:05: [io  0x0cd4-0x0cd5] has been reserved
[    1.494839] system 00:05: [io  0x0cd6-0x0cd7] has been reserved
[    1.494844] system 00:05: [io  0x0cd8-0x0cdf] has been reserved
[    1.494849] system 00:05: [io  0x0800-0x089f] has been reserved
[    1.494854] system 00:05: [io  0x0b00-0x0b0f] has been reserved
[    1.494859] system 00:05: [io  0x0b20-0x0b3f] has been reserved
[    1.494864] system 00:05: [io  0x0900-0x090f] has been reserved
[    1.494870] system 00:05: [io  0x0910-0x091f] has been reserved
[    1.494875] system 00:05: [mem 0xfedc0000-0xfedc0fff] has been reserved
[    1.494881] system 00:05: [mem 0xfee00000-0xfee00fff] has been reserved
[    1.494886] system 00:05: [mem 0xfed80000-0xfed814ff] has been reserved
[    1.494891] system 00:05: [mem 0xfed81900-0xfed8ffff] has been reserved
[    1.494897] system 00:05: [mem 0xfec10000-0xfec10fff] has been reserved
[    1.494902] system 00:05: [mem 0xff000000-0xffffffff] has been reserved
[    1.497604] pnp: PnP ACPI: found 6 devices
[    1.504205] clocksource: acpi_pm: mask: 0xffffff max_cycles: 0xffffff, max_idle_ns: 2085701024 ns
[    1.504299] NET: Registered PF_INET protocol family
[    1.504502] IP idents hash table entries: 262144 (order: 9, 2097152 bytes, linear)
[    1.520506] tcp_listen_portaddr_hash hash table entries: 65536 (order: 8, 1048576 bytes, linear)
[    1.520578] Table-perturb hash table entries: 65536 (order: 6, 262144 bytes, linear)
[    1.520848] TCP established hash table entries: 524288 (order: 10, 4194304 bytes, linear)
[    1.521378] TCP bind hash table entries: 65536 (order: 9, 2097152 bytes, linear)
[    1.521497] TCP: Hash tables configured (established 524288 bind 65536)
[    1.521859] MPTCP token hash table entries: 65536 (order: 8, 1572864 bytes, linear)
[    1.522086] UDP hash table entries: 65536 (order: 9, 2097152 bytes, linear)
[    1.522391] UDP-Lite hash table entries: 65536 (order: 9, 2097152 bytes, linear)
[    1.522651] NET: Registered PF_UNIX/PF_LOCAL protocol family
[    1.522662] NET: Registered PF_XDP protocol family
[    1.522678] pci 0000:00:03.3: PCI bridge to [bus 01]
[    1.522686] pci 0000:00:03.3:   bridge window [mem 0xf8300000-0xf83fffff]
[    1.522696] pci 0000:00:07.1: PCI bridge to [bus 02]
[    1.522703] pci 0000:00:07.1:   bridge window [mem 0xf8200000-0xf82fffff]
[    1.522712] pci 0000:00:08.1: PCI bridge to [bus 03]
[    1.522719] pci 0000:00:08.1:   bridge window [mem 0xf8000000-0xf81fffff]
[    1.522728] pci_bus 0000:00: resource 4 [io  0x0000-0x03af window]
[    1.522734] pci_bus 0000:00: resource 5 [io  0x03e0-0x0cf7 window]
[    1.522739] pci_bus 0000:00: resource 6 [io  0x1000-0x4fff window]
[    1.522744] pci_bus 0000:00: resource 7 [mem 0x000c0000-0x000dffff window]
[    1.522749] pci_bus 0000:00: resource 8 [mem 0xf6000000-0xf83fffff window]
[    1.522755] pci_bus 0000:00: resource 9 [mem 0x38081000000-0x48080ffffff window]
[    1.522761] pci_bus 0000:01: resource 1 [mem 0xf8300000-0xf83fffff]
[    1.522766] pci_bus 0000:02: resource 1 [mem 0xf8200000-0xf82fffff]
[    1.522771] pci_bus 0000:03: resource 1 [mem 0xf8000000-0xf81fffff]
[    1.522852] pci 0000:40:01.1: PCI bridge to [bus 41]
[    1.522858] pci 0000:40:01.1:   bridge window [io  0x9000-0x9fff]
[    1.522865] pci 0000:40:01.1:   bridge window [mem 0x92000000-0x930fffff]
[    1.522871] pci 0000:40:01.1:   bridge window [mem 0x38060000000-0x38071ffffff 64bit pref]
[    1.522880] pci 0000:40:07.1: PCI bridge to [bus 42]
[    1.522887] pci 0000:40:07.1:   bridge window [mem 0x93500000-0x935fffff]
[    1.522896] pci 0000:40:08.1: PCI bridge to [bus 43]
[    1.522903] pci 0000:40:08.1:   bridge window [mem 0x93200000-0x934fffff]
[    1.522912] pci_bus 0000:40: resource 4 [io  0x5000-0x9fff window]
[    1.522917] pci_bus 0000:40: resource 5 [mem 0x90000000-0x93bfffff window]
[    1.522922] pci_bus 0000:40: resource 6 [mem 0x28081000000-0x38080ffffff window]
[    1.522928] pci_bus 0000:41: resource 0 [io  0x9000-0x9fff]
[    1.522933] pci_bus 0000:41: resource 1 [mem 0x92000000-0x930fffff]
[    1.522938] pci_bus 0000:41: resource 2 [mem 0x38060000000-0x38071ffffff 64bit pref]
[    1.522944] pci_bus 0000:42: resource 1 [mem 0x93500000-0x935fffff]
[    1.522949] pci_bus 0000:43: resource 1 [mem 0x93200000-0x934fffff]
[    1.523029] pci 0000:80:03.1: PCI bridge to [bus 81]
[    1.523037] pci 0000:80:03.1:   bridge window [mem 0xf2000000-0xf2ffffff]
[    1.523044] pci 0000:80:03.1:   bridge window [mem 0x27800000000-0x28001ffffff 64bit pref]
[    1.523053] pci 0000:80:07.1: PCI bridge to [bus 82]
[    1.523059] pci 0000:80:07.1:   bridge window [mem 0xf3200000-0xf32fffff]
[    1.523068] pci 0000:80:08.1: PCI bridge to [bus 83]
[    1.523075] pci 0000:80:08.1:   bridge window [mem 0xf3100000-0xf31fffff]
[    1.523084] pci 0000:80:08.2: PCI bridge to [bus 84]
[    1.523090] pci 0000:80:08.2:   bridge window [mem 0xf3000000-0xf30fffff]
[    1.523099] pci_bus 0000:80: resource 4 [io  0xa000-0xcfff window]
[    1.523104] pci_bus 0000:80: resource 5 [mem 0xf0000000-0xf3ffffff window]
[    1.523110] pci_bus 0000:80: resource 6 [mem 0x20021000000-0x28020ffffff window]
[    1.523115] pci_bus 0000:81: resource 1 [mem 0xf2000000-0xf2ffffff]
[    1.523120] pci_bus 0000:81: resource 2 [mem 0x27800000000-0x28001ffffff 64bit pref]
[    1.523126] pci_bus 0000:82: resource 1 [mem 0xf3200000-0xf32fffff]
[    1.523131] pci_bus 0000:83: resource 1 [mem 0xf3100000-0xf31fffff]
[    1.523136] pci_bus 0000:84: resource 1 [mem 0xf3000000-0xf30fffff]
[    1.523195] pci 0000:c0:01.4: PCI bridge to [bus c1]
[    1.523202] pci 0000:c0:01.4:   bridge window [mem 0x9b000000-0x9bffffff]
[    1.523208] pci 0000:c0:01.4:   bridge window [mem 0x1f800000000-0x20001ffffff 64bit pref]
[    1.523217] pci 0000:c0:03.5: PCI bridge to [bus c2]
[    1.523222] pci 0000:c0:03.5:   bridge window [io  0xf000-0xffff]
[    1.523229] pci 0000:c0:03.5:   bridge window [mem 0x9c200000-0x9c2fffff]
[    1.523235] pci 0000:c0:03.5:   bridge window [mem 0x20002100000-0x200021fffff 64bit pref]
[    1.523245] pci 0000:c3:00.0: PCI bridge to [bus c4]
[    1.523250] pci 0000:c3:00.0:   bridge window [io  0xe000-0xefff]
[    1.523260] pci 0000:c3:00.0:   bridge window [mem 0x98000000-0x9a0fffff]
[    1.523273] pci 0000:c0:03.6: PCI bridge to [bus c3-c4]
[    1.523279] pci 0000:c0:03.6:   bridge window [io  0xe000-0xefff]
[    1.523285] pci 0000:c0:03.6:   bridge window [mem 0x98000000-0x9a0fffff]
[    1.523295] pci 0000:c0:07.1: PCI bridge to [bus c5]
[    1.523301] pci 0000:c0:07.1:   bridge window [mem 0x9c100000-0x9c1fffff]
[    1.523310] pci 0000:c0:08.1: PCI bridge to [bus c6]
[    1.523316] pci 0000:c0:08.1:   bridge window [mem 0x9c000000-0x9c0fffff]
[    1.523325] pci_bus 0000:c0: resource 4 [io  0x03b0-0x03df window]
[    1.523330] pci_bus 0000:c0: resource 5 [io  0xd000-0xffff window]
[    1.523335] pci_bus 0000:c0: resource 6 [mem 0x000a0000-0x000bffff window]
[    1.523340] pci_bus 0000:c0: resource 7 [mem 0x96000000-0x9dffffff window]
[    1.523346] pci_bus 0000:c0: resource 8 [mem 0x10021000000-0x20020ffffff window]
[    1.523351] pci_bus 0000:c1: resource 1 [mem 0x9b000000-0x9bffffff]
[    1.523356] pci_bus 0000:c1: resource 2 [mem 0x1f800000000-0x20001ffffff 64bit pref]
[    1.523362] pci_bus 0000:c2: resource 0 [io  0xf000-0xffff]
[    1.523367] pci_bus 0000:c2: resource 1 [mem 0x9c200000-0x9c2fffff]
[    1.523372] pci_bus 0000:c2: resource 2 [mem 0x20002100000-0x200021fffff 64bit pref]
[    1.523377] pci_bus 0000:c3: resource 0 [io  0xe000-0xefff]
[    1.523382] pci_bus 0000:c3: resource 1 [mem 0x98000000-0x9a0fffff]
[    1.523387] pci_bus 0000:c4: resource 0 [io  0xe000-0xefff]
[    1.523391] pci_bus 0000:c4: resource 1 [mem 0x98000000-0x9a0fffff]
[    1.523396] pci_bus 0000:c5: resource 1 [mem 0x9c100000-0x9c1fffff]
[    1.523401] pci_bus 0000:c6: resource 1 [mem 0x9c000000-0x9c0fffff]
[    1.523729] pci 0000:41:00.1: extending delay after power-on from D3hot to 20 msec
[    1.523770] pci 0000:41:00.1: D0 power state depends on 0000:41:00.0
[    1.524069] PCI: CLS 64 bytes, default 64
[    1.524104] pci 0000:c0:00.2: AMD-Vi: IOMMU performance counters supported
[    1.524145] Trying to unpack rootfs image as initramfs...
[    1.525583] pci 0000:c0:01.0: Adding to iommu group 0
[    1.525616] pci 0000:c0:01.4: Adding to iommu group 1
[    1.525672] pci 0000:c0:02.0: Adding to iommu group 2
[    1.525724] pci 0000:c0:03.0: Adding to iommu group 3
[    1.525754] pci 0000:c0:03.5: Adding to iommu group 4
[    1.525788] pci 0000:c0:03.6: Adding to iommu group 5
[    1.525837] pci 0000:c0:04.0: Adding to iommu group 6
[    1.525887] pci 0000:c0:05.0: Adding to iommu group 7
[    1.525937] pci 0000:c0:07.0: Adding to iommu group 8
[    1.525971] pci 0000:c0:07.1: Adding to iommu group 9
[    1.526023] pci 0000:c0:08.0: Adding to iommu group 10
[    1.526055] pci 0000:c0:08.1: Adding to iommu group 11
[    1.526089] pci 0000:c1:00.0: Adding to iommu group 12
[    1.526121] pci 0000:c2:00.0: Adding to iommu group 13
[    1.526153] pci 0000:c2:00.1: Adding to iommu group 14
[    1.526184] pci 0000:c3:00.0: Adding to iommu group 15
[    1.526194] pci 0000:c4:00.0: Adding to iommu group 15
[    1.526227] pci 0000:c5:00.0: Adding to iommu group 16
[    1.526260] pci 0000:c5:00.2: Adding to iommu group 17
[    1.526293] pci 0000:c6:00.0: Adding to iommu group 18
[    1.526329] pci 0000:c6:00.2: Adding to iommu group 19
[    1.532916] pci 0000:80:00.2: AMD-Vi: IOMMU performance counters supported
[    1.534516] pci 0000:80:01.0: Adding to iommu group 20
[    1.534567] pci 0000:80:02.0: Adding to iommu group 21
[    1.534618] pci 0000:80:03.0: Adding to iommu group 22
[    1.534651] pci 0000:80:03.1: Adding to iommu group 23
[    1.534700] pci 0000:80:04.0: Adding to iommu group 24
[    1.534752] pci 0000:80:05.0: Adding to iommu group 25
[    1.534803] pci 0000:80:07.0: Adding to iommu group 26
[    1.534835] pci 0000:80:07.1: Adding to iommu group 27
[    1.534886] pci 0000:80:08.0: Adding to iommu group 28
[    1.534918] pci 0000:80:08.1: Adding to iommu group 29
[    1.534950] pci 0000:80:08.2: Adding to iommu group 30
[    1.534985] pci 0000:81:00.0: Adding to iommu group 31
[    1.535021] pci 0000:82:00.0: Adding to iommu group 32
[    1.535056] pci 0000:82:00.2: Adding to iommu group 33
[    1.535088] pci 0000:83:00.0: Adding to iommu group 34
[    1.535121] pci 0000:83:00.2: Adding to iommu group 35
[    1.535152] pci 0000:84:00.0: Adding to iommu group 36
[    1.540388] pci 0000:40:00.2: AMD-Vi: IOMMU performance counters supported
[    1.541981] pci 0000:40:01.0: Adding to iommu group 37
[    1.542016] pci 0000:40:01.1: Adding to iommu group 38
[    1.542068] pci 0000:40:02.0: Adding to iommu group 39
[    1.542118] pci 0000:40:03.0: Adding to iommu group 40
[    1.542169] pci 0000:40:04.0: Adding to iommu group 41
[    1.542219] pci 0000:40:05.0: Adding to iommu group 42
[    1.542269] pci 0000:40:07.0: Adding to iommu group 43
[    1.542302] pci 0000:40:07.1: Adding to iommu group 44
[    1.542354] pci 0000:40:08.0: Adding to iommu group 45
[    1.542386] pci 0000:40:08.1: Adding to iommu group 46
[    1.542456] pci 0000:41:00.0: Adding to iommu group 47
[    1.542493] pci 0000:41:00.1: Adding to iommu group 47
[    1.542528] pci 0000:42:00.0: Adding to iommu group 48
[    1.542561] pci 0000:42:00.2: Adding to iommu group 49
[    1.542594] pci 0000:43:00.0: Adding to iommu group 50
[    1.542627] pci 0000:43:00.1: Adding to iommu group 51
[    1.542661] pci 0000:43:00.2: Adding to iommu group 52
[    1.542695] pci 0000:43:00.3: Adding to iommu group 53
[    1.548201] pci 0000:00:00.2: AMD-Vi: IOMMU performance counters supported
[    1.549683] pci 0000:00:01.0: Adding to iommu group 54
[    1.549734] pci 0000:00:02.0: Adding to iommu group 55
[    1.549786] pci 0000:00:03.0: Adding to iommu group 56
[    1.549819] pci 0000:00:03.3: Adding to iommu group 57
[    1.549869] pci 0000:00:04.0: Adding to iommu group 58
[    1.549919] pci 0000:00:05.0: Adding to iommu group 59
[    1.549972] pci 0000:00:07.0: Adding to iommu group 60
[    1.550007] pci 0000:00:07.1: Adding to iommu group 61
[    1.550059] pci 0000:00:08.0: Adding to iommu group 62
[    1.550092] pci 0000:00:08.1: Adding to iommu group 63
[    1.550161] pci 0000:00:14.0: Adding to iommu group 64
[    1.550192] pci 0000:00:14.3: Adding to iommu group 64
[    1.550375] pci 0000:00:18.0: Adding to iommu group 65
[    1.550407] pci 0000:00:18.1: Adding to iommu group 65
[    1.550438] pci 0000:00:18.2: Adding to iommu group 65
[    1.550470] pci 0000:00:18.3: Adding to iommu group 65
[    1.550503] pci 0000:00:18.4: Adding to iommu group 65
[    1.550534] pci 0000:00:18.5: Adding to iommu group 65
[    1.550566] pci 0000:00:18.6: Adding to iommu group 65
[    1.550597] pci 0000:00:18.7: Adding to iommu group 65
[    1.550629] pci 0000:01:00.0: Adding to iommu group 66
[    1.550662] pci 0000:02:00.0: Adding to iommu group 67
[    1.550695] pci 0000:02:00.2: Adding to iommu group 68
[    1.550728] pci 0000:03:00.0: Adding to iommu group 69
[    1.550761] pci 0000:03:00.2: Adding to iommu group 70
[    1.550796] pci 0000:03:00.3: Adding to iommu group 71
[    1.557410] AMD-Vi: Extended features (0x59f77efa2094ade, 0x0): PPR X2APIC NX GT IA GA PC
[    1.557425] AMD-Vi: Interrupt remapping enabled
[    1.557429] AMD-Vi: X2APIC enabled
[    1.558212] PCI-DMA: Using software bounce buffering for IO (SWIOTLB)
[    1.558217] software IO TLB: mapped [mem 0x0000000071ce0000-0x0000000075ce0000] (64MB)
[    1.558269] LVT offset 0 assigned for vector 0x400
[    1.560063] perf: AMD IBS detected (0x000003ff)
[    1.560078] perf/amd_iommu: Detected AMD IOMMU #0 (2 banks, 4 counters/bank).
[    1.560092] perf/amd_iommu: Detected AMD IOMMU #1 (2 banks, 4 counters/bank).
[    1.560105] perf/amd_iommu: Detected AMD IOMMU #2 (2 banks, 4 counters/bank).
[    1.560118] perf/amd_iommu: Detected AMD IOMMU #3 (2 banks, 4 counters/bank).
[    1.562302] Initialise system trusted keyrings
[    1.562320] Key type blacklist registered
[    1.562383] workingset: timestamp_bits=36 max_order=26 bucket_order=0
[    1.562397] zbud: loaded
[    1.562803] squashfs: version 4.0 (2009/01/31) Phillip Lougher
[    1.562929] fuse: init (API version 7.39)
[    1.563120] integrity: Platform Keyring initialized
[    1.563129] integrity: Machine keyring initialized
[    1.573925] Key type asymmetric registered
[    1.573929] Asymmetric key parser 'x509' registered
[    1.573959] Block layer SCSI generic (bsg) driver version 0.4 loaded (major 243)
[    1.574039] io scheduler mq-deadline registered
[    1.577885] pcieport 0000:00:03.3: PME: Signaling with IRQ 38
[    1.578172] pcieport 0000:00:07.1: PME: Signaling with IRQ 40
[    1.578328] pcieport 0000:00:08.1: PME: Signaling with IRQ 41
[    1.578486] pcieport 0000:40:01.1: PME: Signaling with IRQ 42
[    1.578709] pcieport 0000:40:07.1: PME: Signaling with IRQ 44
[    1.578858] pcieport 0000:40:08.1: PME: Signaling with IRQ 45
[    1.579024] pcieport 0000:80:03.1: PME: Signaling with IRQ 46
[    1.579254] pcieport 0000:80:07.1: PME: Signaling with IRQ 48
[    1.579470] pcieport 0000:80:08.1: PME: Signaling with IRQ 50
[    1.579681] pcieport 0000:80:08.2: PME: Signaling with IRQ 51
[    1.579822] pcieport 0000:c0:01.4: PME: Signaling with IRQ 52
[    1.579975] pcieport 0000:c0:03.5: PME: Signaling with IRQ 53
[    1.580120] pcieport 0000:c0:03.6: PME: Signaling with IRQ 54
[    1.580338] pcieport 0000:c0:07.1: PME: Signaling with IRQ 56
[    1.580557] pcieport 0000:c0:08.1: PME: Signaling with IRQ 58
[    1.580768] shpchp: Standard Hot Plug PCI Controller Driver version: 0.4
[    1.582252] input: Power Button as /devices/LNXSYSTM:00/LNXSYBUS:00/PNP0C0C:00/input/input0
[    1.582282] ACPI: button: Power Button [PWRB]
[    1.582333] input: Power Button as /devices/LNXSYSTM:00/LNXPWRBN:00/input/input1
[    1.582393] ACPI: button: Power Button [PWRF]
[    1.585060] Estimated ratio of average max frequency by base frequency (times 1024): 1195
[    1.585083] Monitor-Mwait will be used to enter C-1 state
[    1.585094] ACPI: \_SB_.C000: Found 2 idle states
[    1.585231] ACPI: \_SB_.C002: Found 2 idle states
[    1.585400] ACPI: \_SB_.C004: Found 2 idle states
[    1.585566] ACPI: \_SB_.C006: Found 2 idle states
[    1.585735] ACPI: \_SB_.C008: Found 2 idle states
[    1.586019] ACPI: \_SB_.C00A: Found 2 idle states
[    1.586187] ACPI: \_SB_.C00C: Found 2 idle states
[    1.586352] ACPI: \_SB_.C00E: Found 2 idle states
[    1.586532] ACPI: \_SB_.C010: Found 2 idle states
[    1.586703] ACPI: \_SB_.C012: Found 2 idle states
[    1.586870] ACPI: \_SB_.C014: Found 2 idle states
[    1.587046] ACPI: \_SB_.C016: Found 2 idle states
[    1.587223] ACPI: \_SB_.C018: Found 2 idle states
[    1.587398] ACPI: \_SB_.C01A: Found 2 idle states
[    1.587583] ACPI: \_SB_.C01C: Found 2 idle states
[    1.587752] ACPI: \_SB_.C01E: Found 2 idle states
[    1.587937] ACPI: \_SB_.C020: Found 2 idle states
[    1.588142] ACPI: \_SB_.C022: Found 2 idle states
[    1.588311] ACPI: \_SB_.C024: Found 2 idle states
[    1.588481] ACPI: \_SB_.C026: Found 2 idle states
[    1.588675] ACPI: \_SB_.C028: Found 2 idle states
[    1.588852] ACPI: \_SB_.C02A: Found 2 idle states
[    1.589026] ACPI: \_SB_.C02C: Found 2 idle states
[    1.589197] ACPI: \_SB_.C02E: Found 2 idle states
[    1.589370] ACPI: \_SB_.C030: Found 2 idle states
[    1.589537] ACPI: \_SB_.C032: Found 2 idle states
[    1.589714] ACPI: \_SB_.C034: Found 2 idle states
[    1.589883] ACPI: \_SB_.C036: Found 2 idle states
[    1.590067] ACPI: \_SB_.C038: Found 2 idle states
[    1.590236] ACPI: \_SB_.C03A: Found 2 idle states
[    1.590412] ACPI: \_SB_.C03C: Found 2 idle states
[    1.590586] ACPI: \_SB_.C03E: Found 2 idle states
[    1.590762] ACPI: \_SB_.C001: Found 2 idle states
[    1.590878] ACPI: \_SB_.C003: Found 2 idle states
[    1.591045] ACPI: \_SB_.C005: Found 2 idle states
[    1.591205] ACPI: \_SB_.C007: Found 2 idle states
[    1.591370] ACPI: \_SB_.C009: Found 2 idle states
[    1.591539] ACPI: \_SB_.C00B: Found 2 idle states
[    1.591700] ACPI: \_SB_.C00D: Found 2 idle states
[    1.591863] ACPI: \_SB_.C00F: Found 2 idle states
[    1.592038] ACPI: \_SB_.C011: Found 2 idle states
[    1.592208] ACPI: \_SB_.C013: Found 2 idle states
[    1.592371] ACPI: \_SB_.C015: Found 2 idle states
[    1.592544] ACPI: \_SB_.C017: Found 2 idle states
[    1.592707] ACPI: \_SB_.C019: Found 2 idle states
[    1.592869] ACPI: \_SB_.C01B: Found 2 idle states
[    1.593037] ACPI: \_SB_.C01D: Found 2 idle states
[    1.593201] ACPI: \_SB_.C01F: Found 2 idle states
[    1.593363] ACPI: \_SB_.C021: Found 2 idle states
[    1.593535] ACPI: \_SB_.C023: Found 2 idle states
[    1.593704] ACPI: \_SB_.C025: Found 2 idle states
[    1.593871] ACPI: \_SB_.C027: Found 2 idle states
[    1.594033] ACPI: \_SB_.C029: Found 2 idle states
[    1.594200] ACPI: \_SB_.C02B: Found 2 idle states
[    1.594368] ACPI: \_SB_.C02D: Found 2 idle states
[    1.594536] ACPI: \_SB_.C02F: Found 2 idle states
[    1.594700] ACPI: \_SB_.C031: Found 2 idle states
[    1.594864] ACPI: \_SB_.C033: Found 2 idle states
[    1.595039] ACPI: \_SB_.C035: Found 2 idle states
[    1.595203] ACPI: \_SB_.C037: Found 2 idle states
[    1.595366] ACPI: \_SB_.C039: Found 2 idle states
[    1.595534] ACPI: \_SB_.C03B: Found 2 idle states
[    1.595706] ACPI: \_SB_.C03D: Found 2 idle states
[    1.595872] ACPI: \_SB_.C03F: Found 2 idle states
[    1.596225] ERST: Error Record Serialization Table (ERST) support is initialized.
[    1.596261] pstore: Using crash dump compression: deflate
[    1.596267] pstore: Registered erst as persistent store backend
[    1.601090] Serial: 8250/16550 driver, 32 ports, IRQ sharing enabled
[    1.621990] 00:03: ttyS0 at I/O 0x3f8 (irq = 4, base_baud = 115200) is a 16550A
[    1.630087] Freeing initrd memory: 70708K
[    1.649007] 00:04: ttyS1 at I/O 0x2f8 (irq = 3, base_baud = 115200) is a 16550A
[    1.658661] Linux agpgart interface v0.103
[    1.670901] loop: module loaded
[    1.671914] ACPI: bus type drm_connector registered
[    1.673527] tun: Universal TUN/TAP device driver, 1.6
[    1.673581] PPP generic driver version 2.4.2
[    1.674884] i8042: PNP: No PS/2 controller found.
[    1.674948] mousedev: PS/2 mouse device common for all mice
[    1.675320] rtc_cmos 00:01: registered as rtc0
[    1.675353] rtc_cmos 00:01: setting system clock to 2025-12-19T21:45:20 UTC (1766180720)
[    1.675388] rtc_cmos 00:01: alarms up to one month, y3k, 114 bytes nvram
[    1.675401] i2c_dev: i2c /dev entries driver
[    1.676486] device-mapper: core: CONFIG_IMA_DISABLE_HTABLE is disabled. Duplicate IMA measurements will not be recorded in the IMA log.
[    1.676504] device-mapper: uevent: version 1.0.3
[    1.676576] device-mapper: ioctl: 4.48.0-ioctl (2023-03-01) initialised: dm-devel@redhat.com
[    1.676585] amd_pstate: driver load is disabled, boot with specific mode to enable this
[    1.677142] ledtrig-cpu: registered to indicate activity on CPUs
[    1.677347] [drm] Initialized simpledrm 1.0.0 20200625 for simple-framebuffer.0 on minor 0
[    1.724805] Console: switching to colour frame buffer device 240x67
[    1.772025] simple-framebuffer simple-framebuffer.0: [drm] fb0: simpledrmdrmfb frame buffer device
[    1.772611] drop_monitor: Initializing network drop monitor service
[    1.772764] NET: Registered PF_INET6 protocol family
[    1.780560] Segment Routing with IPv6
[    1.780579] In-situ OAM (IOAM) with IPv6
[    1.780612] NET: Registered PF_PACKET protocol family
[    1.780710] Key type dns_resolver registered
[    1.816749] microcode: Current revision: 0x0a0011de
[    1.818531] resctrl: L3 allocation detected
[    1.818543] resctrl: MB allocation detected
[    1.818550] resctrl: L3 monitoring detected
[    1.818643] IPI shorthand broadcast: enabled
[    1.821153] sched_clock: Marking stable (1819454428, 745335)->(1941417670, -121217907)
[    1.821363] registered taskstats version 1
[    1.824481] Loading compiled-in X.509 certificates
[    1.824966] Loaded X.509 cert 'Build time autogenerated kernel key: 7a5738967e2123858340ae7fbb0491d696dbfb58'
[    1.825367] Loaded X.509 cert 'Canonical Ltd. Live Patch Signing 2025 Kmod: d541cef61dc7e793b7eb7e899970a2eef0b5dc8c'
[    1.825768] Loaded X.509 cert 'Canonical Ltd. Live Patch Signing: 14df34d1a87cf37625abec039ef2bf521249b969'
[    1.826159] Loaded X.509 cert 'Canonical Ltd. Kernel Module Signing: 88f752e560a1e0737e31163a466ad7b70a850c19'
[    1.826172] blacklist: Loading compiled-in revocation X.509 certificates
[    1.826200] Loaded X.509 cert 'Canonical Ltd. Secure Boot Signing: 61482aa2830d0ab2ad5af10b7250da9033ddcef0'
[    1.826226] Loaded X.509 cert 'Canonical Ltd. Secure Boot Signing (2017): 242ade75ac4a15e50d50c84b0d45ff3eae707a03'
[    1.826252] Loaded X.509 cert 'Canonical Ltd. Secure Boot Signing (ESM 2018): 365188c1d374d6b07c3c8f240f8ef722433d6a8b'
[    1.826277] Loaded X.509 cert 'Canonical Ltd. Secure Boot Signing (2019): c0746fd6c5da3ae827864651ad66ae47fe24b3e8'
[    1.826303] Loaded X.509 cert 'Canonical Ltd. Secure Boot Signing (2021 v1): a8d54bbb3825cfb94fa13c9f8a594a195c107b8d'
[    1.826330] Loaded X.509 cert 'Canonical Ltd. Secure Boot Signing (2021 v2): 4cf046892d6fd3c9a5b03f98d845f90851dc6a8c'
[    1.826357] Loaded X.509 cert 'Canonical Ltd. Secure Boot Signing (2021 v3): 100437bb6de6e469b581e61cd66bce3ef4ed53af'
[    1.826384] Loaded X.509 cert 'Canonical Ltd. Secure Boot Signing (Ubuntu Core 2019): c1d57b8f6b743f23ee41f4f7ee292f06eecadfb9'
[    1.833394] Key type .fscrypt registered
[    1.833404] Key type fscrypt-provisioning registered
[    1.839000] cryptd: max_cpu_qlen set to 1000
[    1.842609] AVX2 version of gcm_enc/dec engaged.
[    1.843008] AES CTR mode by8 optimization enabled
[    1.857030] Key type encrypted registered
[    1.857053] AppArmor: AppArmor sha256 policy hashing enabled
[    1.857147] ima: No TPM chip found, activating TPM-bypass!
[    1.857167] Loading compiled-in module X.509 certificates
[    1.857594] Loaded X.509 cert 'Build time autogenerated kernel key: 7a5738967e2123858340ae7fbb0491d696dbfb58'
[    1.857611] ima: Allocated hash algorithm: sha256
[    1.857644] ima: No architecture policies found
[    1.857670] evm: Initialising EVM extended attributes:
[    1.857678] evm: security.selinux
[    1.858147] evm: security.SMACK64
[    1.858598] evm: security.SMACK64EXEC
[    1.859015] evm: security.SMACK64TRANSMUTE
[    1.859438] evm: security.SMACK64MMAP
[    1.859853] evm: security.apparmor
[    1.860266] evm: security.ima
[    1.860681] evm: security.capability
[    1.861087] evm: HMAC attrs: 0x1
[    1.861910] PM:   Magic number: 5:929:803
[    1.862523] GHES GHES.21730: hash matches
[    1.862973] GHES GHES.21284: hash matches
[    1.863519] GHES GHES.5372: hash matches
[    1.864003] GHES GHES.4536: hash matches
[    2.007335] RAS: Correctable Errors collector initialized.
[    2.008054] clk: Disabling unused clocks
[    2.010241] Freeing unused decrypted memory: 2028K
[    2.011649] Freeing unused kernel image (initmem) memory: 4912K
[    2.012117] Write protecting the kernel read-only data: 38912k
[    2.013401] Freeing unused kernel image (rodata/data gap) memory: 2000K
[    2.017761] workqueue: drm_fb_helper_damage_work hogged CPU for >10000us 4 times, consider switching to WQ_UNBOUND
[    2.069783] x86/mm: Checked W+X mappings: passed, no W+X pages found.
[    2.070234] Run /init as init process
[    2.070663]   with arguments:
[    2.070666]     /init
[    2.070667]   with environment:
[    2.070668]     HOME=/
[    2.070670]     TERM=linux
[    2.070671]     BOOT_IMAGE=/boot/vmlinuz-6.8.0-90-generic
[    2.611773] tsc: Refined TSC clocksource calibration: 2799.999 MHz
[    2.612666] clocksource: tsc: mask: 0xffffffffffffffff max_cycles: 0x285c3fb0b68, max_idle_ns: 440795224466 ns
[    2.657916] clocksource: Switched to clocksource tsc
[    2.666552] xhci_hcd 0000:03:00.3: xHCI Host Controller
[    2.667398] xhci_hcd 0000:03:00.3: new USB bus registered, assigned bus number 1
[    2.668020] xhci_hcd 0000:03:00.3: hcc params 0x0260ffe5 hci version 0x110 quirks 0x0000000000000010
[    2.668770] workqueue: drm_fb_helper_damage_work hogged CPU for >10000us 8 times, consider switching to WQ_UNBOUND
[    2.668897] dca service started, version 1.12.1
[    2.668987] xhci_hcd 0000:03:00.3: xHCI Host Controller
[    2.670235] xhci_hcd 0000:03:00.3: new USB bus registered, assigned bus number 2
[    2.670665] xhci_hcd 0000:03:00.3: Host supports USB 3.1 Enhanced SuperSpeed
[    2.671224] usb usb1: New USB device found, idVendor=1d6b, idProduct=0002, bcdDevice= 6.08
[    2.671656] usb usb1: New USB device strings: Mfr=3, Product=2, SerialNumber=1
[    2.672081] usb usb1: Product: xHCI Host Controller
[    2.672493] usb usb1: Manufacturer: Linux 6.8.0-90-generic xhci-hcd
[    2.672911] usb usb1: SerialNumber: 0000:03:00.3
[    2.673530] hub 1-0:1.0: USB hub found
[    2.674041] hub 1-0:1.0: 2 ports detected
[    2.675356] usb usb2: We don't know the algorithms for LPM for this host, disabling LPM.
[    2.675895] usb usb2: New USB device found, idVendor=1d6b, idProduct=0003, bcdDevice= 6.08
[    2.676307] usb usb2: New USB device strings: Mfr=3, Product=2, SerialNumber=1
[    2.676707] usb usb2: Product: xHCI Host Controller
[    2.677106] usb usb2: Manufacturer: Linux 6.8.0-90-generic xhci-hcd
[    2.677504] usb usb2: SerialNumber: 0000:03:00.3
[    2.678074] hub 2-0:1.0: USB hub found
[    2.678494] hub 2-0:1.0: 2 ports detected
[    2.678680] ahci 0000:84:00.0: version 3.0
[    2.680250] xhci_hcd 0000:43:00.3: xHCI Host Controller
[    2.680777] xhci_hcd 0000:43:00.3: new USB bus registered, assigned bus number 3
[    2.681319] xhci_hcd 0000:43:00.3: hcc params 0x0260ffe5 hci version 0x110 quirks 0x0000000000000010
[    2.682223] xhci_hcd 0000:43:00.3: xHCI Host Controller
[    2.682690] xhci_hcd 0000:43:00.3: new USB bus registered, assigned bus number 4
[    2.683194] xhci_hcd 0000:43:00.3: Host supports USB 3.1 Enhanced SuperSpeed
[    2.683803] usb usb3: New USB device found, idVendor=1d6b, idProduct=0002, bcdDevice= 6.08
[    2.684261] usb usb3: New USB device strings: Mfr=3, Product=2, SerialNumber=1
[    2.684715] usb usb3: Product: xHCI Host Controller
[    2.685174] usb usb3: Manufacturer: Linux 6.8.0-90-generic xhci-hcd
[    2.685635] usb usb3: SerialNumber: 0000:43:00.3
[    2.686482] nvme nvme0: pci function 0000:01:00.0
[    2.686523] hub 3-0:1.0: USB hub found
[    2.687896] hub 3-0:1.0: 2 ports detected
[    2.688567] usb usb4: We don't know the algorithms for LPM for this host, disabling LPM.
[    2.688824] igb: Intel(R) Gigabit Ethernet Network Driver
[    2.689152] usb usb4: New USB device found, idVendor=1d6b, idProduct=0003, bcdDevice= 6.08
[    2.689562] igb: Copyright (c) 2007-2014 Intel Corporation.
[    2.689989] usb usb4: New USB device strings: Mfr=3, Product=2, SerialNumber=1
[    2.690085] ahci 0000:84:00.0: AHCI 0001.0301 32 slots 8 ports 6 Gbps 0xff impl SATA mode
[    2.690091] ahci 0000:84:00.0: flags: 64bit ncq sntf ilck pm led clo only pmp fbs pio slum part ems sxs 
[    2.691634] usb usb4: Product: xHCI Host Controller
[    2.691858] scsi host0: ahci
[    2.692059] usb usb4: Manufacturer: Linux 6.8.0-90-generic xhci-hcd
[    2.693129] scsi host1: ahci
[    2.693464] usb usb4: SerialNumber: 0000:43:00.3
[    2.694292] scsi host2: ahci
[    2.694960] hub 4-0:1.0: USB hub found
[    2.695563] scsi host3: ahci
[    2.696069] hub 4-0:1.0: 2 ports detected
[    2.696871] scsi host4: ahci
[    2.698231] scsi host5: ahci
[    2.698879] scsi host6: ahci
[    2.699481] scsi host7: ahci
[    2.699987] ata1: SATA max UDMA/133 abar m2048@0xf3000000 port 0xf3000100 irq 69 lpm-pol 4
[    2.700421] ata2: SATA max UDMA/133 abar m2048@0xf3000000 port 0xf3000180 irq 70 lpm-pol 4
[    2.700844] ata3: SATA max UDMA/133 abar m2048@0xf3000000 port 0xf3000200 irq 71 lpm-pol 4
[    2.701252] ata4: SATA max UDMA/133 abar m2048@0xf3000000 port 0xf3000280 irq 72 lpm-pol 4
[    2.701655] ata5: SATA max UDMA/133 abar m2048@0xf3000000 port 0xf3000300 irq 73 lpm-pol 4
[    2.702061] ata6: SATA max UDMA/133 abar m2048@0xf3000000 port 0xf3000380 irq 74 lpm-pol 4
[    2.702456] ata7: SATA max UDMA/133 abar m2048@0xf3000000 port 0xf3000400 irq 75 lpm-pol 4
[    2.703421] ata8: SATA max UDMA/133 abar m2048@0xf3000000 port 0xf3000480 irq 76 lpm-pol 4
[    2.708914] nvme nvme0: 32/0/0 default/read/poll queues
[    2.714664]  nvme0n1: p1 p2
[    2.797036] igb 0000:c2:00.0: added PHC on eth0
[    2.797886] igb 0000:c2:00.0: Intel(R) Gigabit Ethernet Network Connection
[    2.798380] igb 0000:c2:00.0: eth0: (PCIe:5.0Gb/s:Width x1) d8:5e:d3:82:bb:7a
[    2.798894] igb 0000:c2:00.0: eth0: PBA No: 140422-008
[    2.799310] igb 0000:c2:00.0: Using MSI-X interrupts. 8 rx queue(s), 8 tx queue(s)
[    2.875378] igb 0000:c2:00.1: added PHC on eth1
[    2.876016] igb 0000:c2:00.1: Intel(R) Gigabit Ethernet Network Connection
[    2.876766] igb 0000:c2:00.1: eth1: (PCIe:5.0Gb/s:Width x1) d8:5e:d3:82:bb:7b
[    2.877560] igb 0000:c2:00.1: eth1: PBA No: 140422-008
[    2.878081] igb 0000:c2:00.1: Using MSI-X interrupts. 8 rx queue(s), 8 tx queue(s)
[    2.925761] usb 3-1: new high-speed USB device number 2 using xhci_hcd
[    3.009771] ata1: SATA link down (SStatus 0 SControl 300)
[    3.011186] ata5: SATA link down (SStatus 0 SControl 300)
[    3.012600] ata3: SATA link down (SStatus 0 SControl 300)
[    3.013654] ata4: SATA link down (SStatus 0 SControl 300)
[    3.014133] ata7: SATA link down (SStatus 0 SControl 300)
[    3.015108] ata6: SATA link down (SStatus 0 SControl 300)
[    3.015810] ata2: SATA link down (SStatus 0 SControl 300)
[    3.016800] ata8: SATA link down (SStatus 0 SControl 300)
[    3.020083] igb 0000:c2:00.1 eno2: renamed from eth1
[    3.038918] igb 0000:c2:00.0 eno1: renamed from eth0
[    3.100986] usb 3-1: New USB device found, idVendor=05e3, idProduct=0608, bcdDevice=60.70
[    3.102119] usb 3-1: New USB device strings: Mfr=0, Product=1, SerialNumber=0
[    3.103202] usb 3-1: Product: USB2.0 Hub
[    3.112788] workqueue: drm_fb_helper_damage_work hogged CPU for >10000us 16 times, consider switching to WQ_UNBOUND
[    3.164221] hub 3-1:1.0: USB hub found
[    3.165751] hub 3-1:1.0: 4 ports detected
[    3.211902] usb 4-2: new SuperSpeed USB device number 2 using xhci_hcd
[    3.229804] usb 4-2: New USB device found, idVendor=05e3, idProduct=0620, bcdDevice=93.04
[    3.230906] usb 4-2: New USB device strings: Mfr=1, Product=2, SerialNumber=0
[    3.231850] usb 4-2: Product: USB3.1 Hub
[    3.232772] usb 4-2: Manufacturer: GenesysLogic
[    3.259976] hub 4-2:1.0: USB hub found
[    3.261374] hub 4-2:1.0: 4 ports detected
[    3.339791] usb 3-2: new high-speed USB device number 3 using xhci_hcd
[    3.473152] usb 3-2: New USB device found, idVendor=05e3, idProduct=0610, bcdDevice=93.04
[    3.474292] usb 3-2: New USB device strings: Mfr=1, Product=2, SerialNumber=0
[    3.475245] usb 3-2: Product: USB2.1 Hub
[    3.476168] usb 3-2: Manufacturer: GenesysLogic
[    3.580102] hub 3-2:1.0: USB hub found
[    3.625950] hub 3-2:1.0: 4 ports detected
[    3.820747] raid6: avx2x4   gen() 25562 MB/s
[    3.837776] raid6: avx2x2   gen() 32821 MB/s
[    3.854760] raid6: avx2x1   gen() 24118 MB/s
[    3.855213] raid6: using algorithm avx2x2 gen() 32821 MB/s
[    3.871769] raid6: .... xor() 32072 MB/s, rmw enabled
[    3.872470] raid6: using avx2x2 recovery algorithm
[    3.873949] xor: automatically using best checksumming function   avx       
[    3.875272] async_tx: api initialized (async)
[    3.973782] usb 3-2.2: new full-speed USB device number 4 using xhci_hcd
[    4.012755] workqueue: drm_fb_helper_damage_work hogged CPU for >10000us 32 times, consider switching to WQ_UNBOUND
[    4.064604] Btrfs loaded, zoned=yes, fsverity=yes
[    4.097740] usb 3-2.2: New USB device found, idVendor=3554, idProduct=fa09, bcdDevice= 1.02
[    4.098629] usb 3-2.2: New USB device strings: Mfr=1, Product=2, SerialNumber=0
[    4.099229] usb 3-2.2: Product: 2.4G Wireless Receiver
[    4.099784] usb 3-2.2: Manufacturer: CX
[    4.140822] EXT4-fs (nvme0n1p2): mounted filesystem 91d7e936-ae91-4c1f-8228-3c7454495b51 ro with ordered data mode. Quota mode: none.
[    4.197046] hid: raw HID events driver (C) Jiri Kosina
[    4.210924] usbcore: registered new interface driver usbhid
[    4.211880] usbhid: USB HID core driver
[    4.214959] input: CX 2.4G Wireless Receiver as /devices/pci0000:40/0000:40:08.1/0000:43:00.3/usb3/3-2/3-2.2/3-2.2:1.0/0003:3554:FA09.0001/input/input2
[    4.266990] hid-generic 0003:3554:FA09.0001: input,hidraw0: USB HID v1.11 Keyboard [CX 2.4G Wireless Receiver] on usb-0000:43:00.3-2.2/input0
[    4.268536] input: CX 2.4G Wireless Receiver as /devices/pci0000:40/0000:40:08.1/0000:43:00.3/usb3/3-2/3-2.2/3-2.2:1.1/0003:3554:FA09.0002/input/input3
[    4.269700] input: CX 2.4G Wireless Receiver Consumer Control as /devices/pci0000:40/0000:40:08.1/0000:43:00.3/usb3/3-2/3-2.2/3-2.2:1.1/0003:3554:FA09.0002/input/input4
[    4.322987] input: CX 2.4G Wireless Receiver System Control as /devices/pci0000:40/0000:40:08.1/0000:43:00.3/usb3/3-2/3-2.2/3-2.2:1.1/0003:3554:FA09.0002/input/input5
[    4.324698] input: CX 2.4G Wireless Receiver Keyboard as /devices/pci0000:40/0000:40:08.1/0000:43:00.3/usb3/3-2/3-2.2/3-2.2:1.1/0003:3554:FA09.0002/input/input6
[    4.326081] input: CX 2.4G Wireless Receiver Mouse as /devices/pci0000:40/0000:40:08.1/0000:43:00.3/usb3/3-2/3-2.2/3-2.2:1.1/0003:3554:FA09.0002/input/input7
[    4.327614] hid-generic 0003:3554:FA09.0002: input,hiddev0,hidraw1: USB HID v1.11 Keyboard [CX 2.4G Wireless Receiver] on usb-0000:43:00.3-2.2/input1
[    4.453253] systemd[1]: Inserted module 'autofs4'
[    4.467900] systemd[1]: systemd 255.4-1ubuntu8.10 running in system mode (+PAM +AUDIT +SELINUX +APPARMOR +IMA +SMACK +SECCOMP +GCRYPT -GNUTLS +OPENSSL +ACL +BLKID +CURL +ELFUTILS +FIDO2 +IDN2 -IDN +IPTC +KMOD +LIBCRYPTSETUP +LIBFDISK +PCRE2 -PWQUALITY +P11KIT +QRENCODE +TPM2 +BZIP2 +LZ4 +XZ +ZLIB +ZSTD -BPF_FRAMEWORK -XKBCOMMON +UTMP +SYSVINIT default-hierarchy=unified)
[    4.469446] systemd[1]: Detected architecture x86-64.
[    4.472655] systemd[1]: Hostname set to <gpu>.
[    4.587125] systemd[1]: Queued start job for default target graphical.target.
[    4.601876] systemd[1]: Created slice system-modprobe.slice - Slice /system/modprobe.
[    4.603544] systemd[1]: Created slice system-systemd\x2dfsck.slice - Slice /system/systemd-fsck.
[    4.605293] systemd[1]: Created slice user.slice - User and Session Slice.
[    4.606594] systemd[1]: Started systemd-ask-password-wall.path - Forward Password Requests to Wall Directory Watch.
[    4.608069] systemd[1]: Set up automount proc-sys-fs-binfmt_misc.automount - Arbitrary Executable File Formats File System Automount Point.
[    4.609372] systemd[1]: Expecting device dev-disk-by\x2duuid-E59C\x2d93CD.device - /dev/disk/by-uuid/E59C-93CD...
[    4.610701] systemd[1]: Reached target integritysetup.target - Local Integrity Protected Volumes.
